
> one-piece-tcg-online@0.1.0 test
> vitest run --reporter=verbose


[1m[7m[36m RUN [39m[27m[22m [36mv2.1.9 [39m[90mC:/Users/Adhitya Noor Muslim/Claude/Projects/One Piece TCG Online[39m

 [32m✓[39m src/cards/decks/__tests__/deckStorage.test.ts[2m > [22mcreateLocalStorageDeckStore[2m > [22mround-trips a saved deck through save() and load()
 [32m✓[39m src/cards/decks/__tests__/deckStorage.test.ts[2m > [22mcreateLocalStorageDeckStore[2m > [22mlists saved decks as cheap summaries, most-recently-updated first
 [32m✓[39m src/cards/decks/__tests__/deckStorage.test.ts[2m > [22mcreateLocalStorageDeckStore[2m > [22mreturns ok:false with a reason when loading an id that was never saved
 [32m✓[39m src/cards/decks/__tests__/deckStorage.test.ts[2m > [22mcreateLocalStorageDeckStore[2m > [22mreturns ok:false rather than throwing when the stored value is not valid JSON
 [32m✓[39m src/cards/decks/__tests__/deckStorage.test.ts[2m > [22mcreateLocalStorageDeckStore[2m > [22mtransparently migrates a v1-shaped deck on load, via migrateSavedDeck
 [32m✓[39m src/cards/decks/__tests__/deckStorage.test.ts[2m > [22mcreateLocalStorageDeckStore[2m > [22mremoves both the deck and its index entry
 [32m✓[39m src/cards/decks/__tests__/deckStorage.test.ts[2m > [22mcreateLocalStorageDeckStore[2m > [22moverwrites in place on a second save() with the same deckId, without duplicating the index entry
 [32m✓[39m src/cards/decks/__tests__/deckStorage.test.ts[2m > [22mcreateLocalStorageDeckStore[2m > [22mdegrades to an empty list rather than throwing when the index itself is corrupted
 [32m✓[39m src/cards/decks/__tests__/deckStorage.test.ts[2m > [22mcreateLocalStorageDeckStore[2m > [22mfilters out malformed entries from the index defensively
 [32m✓[39m src/cards/effectParser/__tests__/parseEffect.test.ts[2m > [22mparseEffect[2m > [22mempty text => no abilities, no-effect-text warning (2-8-5)
 [32m✓[39m src/cards/effectParser/__tests__/parseEffect.test.ts[2m > [22mparseEffect[2m > [22mLeader permanent buff: [DON!! x1][Your Turn] All of your Characters gain +1000 power.
 [32m✓[39m src/cards/effectParser/__tests__/parseEffect.test.ts[2m > [22mparseEffect[2m > [22mOn Play search effect is recognized as onPlay but flagged needsTemplate (complex body)
 [32m✓[39m src/cards/effectParser/__tests__/parseEffect.test.ts[2m > [22mparseEffect[2m > [22mEvent with [Counter] and [Trigger] splits into two abilities
 [32m✓[39m src/cards/effectParser/__tests__/parseEffect.test.ts[2m > [22mparseEffect[2m > [22m[DON!! x2] This Character gains [Rush] => grantKeyword Rush on self, reminder stripped
 [32m✓[39m src/cards/effectParser/__tests__/parseEffect.test.ts[2m > [22mparseEffect[2m > [22mbare keyword card "[Blocker]" => self-granted permanent keyword, engine-ready
 [32m✓[39m src/cards/effectParser/__tests__/parseEffect.test.ts[2m > [22mparseEffect[2m > [22mplain draw effect is recognized
 [32m✓[39m src/cards/effectParser/__tests__/parseEffect.test.ts[2m > [22mparseEffect[2m > [22moutput is JSON-serializable (round-trips losslessly)
 [32m✓[39m src/engine/rules/battle/__tests__/activateCounterCharacter.test.ts[2m > [22mvalidateActivateCounterCharacter[2m > [22mrejects when there is no Battle in progress
 [32m✓[39m src/engine/rules/battle/__tests__/activateCounterCharacter.test.ts[2m > [22mvalidateActivateCounterCharacter[2m > [22mrejects outside the Counter Step
 [32m✓[39m src/engine/rules/battle/__tests__/activateCounterCharacter.test.ts[2m > [22mvalidateActivateCounterCharacter[2m > [22mrejects the attacking player
 [32m✓[39m src/engine/rules/battle/__tests__/activateCounterCharacter.test.ts[2m > [22mvalidateActivateCounterCharacter[2m > [22mrejects a hand card with no printed Counter value
 [32m✓[39m src/engine/rules/battle/__tests__/activateCounterCharacter.test.ts[2m > [22mvalidateActivateCounterCharacter[2m > [22mrejects a boost target that is not the defending player's own card
 [32m✓[39m src/engine/rules/battle/__tests__/activateCounterCharacter.test.ts[2m > [22mvalidateActivateCounterCharacter[2m > [22maccepts a well-formed Counter Character activation
 [32m✓[39m src/engine/rules/battle/__tests__/activateCounterCharacter.test.ts[2m > [22mexecuteActivateCounterCharacter[2m > [22mtrashes the hand card and adds its Counter value to battlePowerBonuses for the boost target
 [32m✓[39m src/engine/rules/battle/__tests__/activateCounterCharacter.test.ts[2m > [22mexecuteActivateCounterCharacter[2m > [22mstacks additively across repeated activations
 [32m✓[39m src/cards/normalization/__tests__/normalizeCardPrinting.test.ts[2m > [22mnormalizeCardPrintings — Leader (OP01-001)[2m > [22mmaps identity and category fields
 [32m✓[39m src/cards/normalization/__tests__/normalizeCardPrinting.test.ts[2m > [22mnormalizeCardPrintings — Leader (OP01-001)[2m > [22mcoerces string-encoded numeric fields to real numbers
 [32m✓[39m src/cards/normalization/__tests__/normalizeCardPrinting.test.ts[2m > [22mnormalizeCardPrintings — Leader (OP01-001)[2m > [22mleaves Leader-only-null fields (cost, counter) undefined rather than 0
 [32m✓[39m src/cards/normalization/__tests__/normalizeCardPrinting.test.ts[2m > [22mnormalizeCardPrintings — Leader (OP01-001)[2m > [22mmaps color and attribute
 [32m✓[39m src/cards/normalization/__tests__/normalizeCardPrinting.test.ts[2m > [22mnormalizeCardPrintings — Leader (OP01-001)[2m > [22mpreserves raw card text verbatim, including the [DON!! xX] tag as plain text
 [32m✓[39m src/cards/normalization/__tests__/normalizeCardPrinting.test.ts[2m > [22mnormalizeCardPrintings — Leader (OP01-001)[2m > [22mhas no triggerText when hasTrigger is false
 [32m✓[39m src/cards/normalization/__tests__/normalizeCardPrinting.test.ts[2m > [22mnormalizeCardPrintings — Leader (OP01-001)[2m > [22mhas every keyword flag false when none of the keywords appear in text
 [32m✓[39m src/cards/normalization/__tests__/normalizeCardPrinting.test.ts[2m > [22mnormalizeCardPrintings — Leader (OP01-001)[2m > [22mproduces no text-mismatch warning when both printings agree (still warns about unsplit sub_types, which is unrelated)
 [32m✓[39m src/cards/normalization/__tests__/normalizeCardPrinting.test.ts[2m > [22mnormalizeCardPrintings — Character (OP01-016, disagreeing printings)[2m > [22muses the base printing card_text, not an SP/Parallel variant
 [32m✓[39m src/cards/normalization/__tests__/normalizeCardPrinting.test.ts[2m > [22mnormalizeCardPrintings — Character (OP01-016, disagreeing printings)[2m > [22mnormalizes counter_amount (a real number) directly, distinct from cost/power strings
 [32m✓[39m src/cards/normalization/__tests__/normalizeCardPrinting.test.ts[2m > [22mnormalizeCardPrintings — Character (OP01-016, disagreeing printings)[2m > [22mdetects [Trigger]/hasTrigger correctly as false when absent
 [32m✓[39m src/cards/normalization/__tests__/normalizeCardPrinting.test.ts[2m > [22mnormalizeCardPrintings — Character (OP01-016, disagreeing printings)[2m > [22mlists every non-canonical printing as an alternate image id
 [32m✓[39m src/cards/normalization/__tests__/normalizeCardPrinting.test.ts[2m > [22mnormalizeCardPrintings — Character (OP01-016, disagreeing printings)[2m > [22msurfaces the cross-printing text mismatch as a warning, not a silent choice
 [32m✓[39m src/cards/normalization/__tests__/normalizeCardPrinting.test.ts[2m > [22mnormalizeCardPrintings — Event with ambiguous multi-word sub_types (OP01-119)[2m > [22mhas no power/life and a numeric cost
 [32m✓[39m src/cards/normalization/__tests__/normalizeCardPrinting.test.ts[2m > [22mnormalizeCardPrintings — Event with ambiguous multi-word sub_types (OP01-119)[2m > [22mdetects [Trigger] presence in card text
 [32m✓[39m src/cards/normalization/__tests__/normalizeCardPrinting.test.ts[2m > [22mnormalizeCardPrintings — Event with ambiguous multi-word sub_types (OP01-119)[2m > [22mextracts triggerText as a best-effort substring and flags it with a warning
 [32m✓[39m src/cards/normalization/__tests__/normalizeCardPrinting.test.ts[2m > [22mnormalizeCardPrintings — Event with ambiguous multi-word sub_types (OP01-119)[2m > [22mpreserves the unsplit sub_types string as a single type tag
 [32m✓[39m src/cards/normalization/__tests__/normalizeCardPrinting.test.ts[2m > [22mnormalizeCardPrintings — Event with ambiguous multi-word sub_types (OP01-119)[2m > [22mwarns that the type tag was not split
 [32m✓[39m src/cards/normalization/__tests__/normalizeCardPrinting.test.ts[2m > [22mnormalizeCardPrintings — Event with ambiguous multi-word sub_types (OP01-119)[2m > [22mhas no attribute (null in source) and no counter (Event, not Character)
 [32m✓[39m src/cards/normalization/__tests__/normalizeCardPrinting.test.ts[2m > [22mnormalizeCardPrintings - multicolor leader color parsing[2m > [22mparses live API space-separated colors, e.g. OP01-061 Kaido "Blue Purple"
 [32m✓[39m src/cards/normalization/__tests__/normalizeCardPrinting.test.ts[2m > [22mnormalizeDonCard[2m > [22mmaps to category "don" with no power/cost/color
 [32m✓[39m src/cards/normalization/__tests__/normalizeCardPrinting.test.ts[2m > [22mnormalizeDonCard[2m > [22muses card_image_id as the stable identifier since DON!! rows have no card_set_id
 [32m✓[39m src/cards/normalization/__tests__/normalizeCardPrinting.test.ts[2m > [22mnormalizeDonCard[2m > [22mhas every keyword flag false (DON!! cards never carry battle keywords)
 [32m✓[39m src/cards/normalization/__tests__/normalizeCardPrinting.test.ts[2m > [22mnormalizeCardPrintings — battle keyword detection (10-1, 10-2)[2m > [22mdetects [Rush] presence (real API row, P-001 Egghead promo)
 [32m✓[39m src/cards/normalization/__tests__/normalizeCardPrinting.test.ts[2m > [22mnormalizeCardPrintings — battle keyword detection (10-1, 10-2)[2m > [22mdetects [Rush: Character] as hasRush too
 [32m✓[39m src/cards/normalization/__tests__/normalizeCardPrinting.test.ts[2m > [22mnormalizeCardPrintings — battle keyword detection (10-1, 10-2)[2m > [22mdetects [Blocker] presence
 [32m✓[39m src/cards/normalization/__tests__/normalizeCardPrinting.test.ts[2m > [22mnormalizeCardPrintings — battle keyword detection (10-1, 10-2)[2m > [22mdetects [Double Attack] presence
 [32m✓[39m src/cards/normalization/__tests__/normalizeCardPrinting.test.ts[2m > [22mnormalizeCardPrintings — battle keyword detection (10-1, 10-2)[2m > [22mdetects [Unblockable] presence
 [32m✓[39m src/engine/rules/battle/__tests__/declareAttack.test.ts[2m > [22mvalidateDeclareAttack[2m > [22mrejects outside the Main Phase
 [32m✓[39m src/engine/rules/battle/__tests__/declareAttack.test.ts[2m > [22mvalidateDeclareAttack[2m > [22mrejects a non-turn-player
 [32m✓[39m src/engine/rules/battle/__tests__/declareAttack.test.ts[2m > [22mvalidateDeclareAttack[2m > [22mrejects when a Battle is already in progress
 [32m✓[39m src/engine/rules/battle/__tests__/declareAttack.test.ts[2m > [22mvalidateDeclareAttack[2m > [22mrejects on turn 1 or 2 (neither player may battle on their first turn)
 [32m✓[39m src/engine/rules/battle/__tests__/declareAttack.test.ts[2m > [22mvalidateDeclareAttack[2m > [22mrejects a rested attacker
 [32m✓[39m src/engine/rules/battle/__tests__/declareAttack.test.ts[2m > [22mvalidateDeclareAttack[2m > [22mrejects a summoning-sick attacker
 [32m✓[39m src/engine/rules/battle/__tests__/declareAttack.test.ts[2m > [22mvalidateDeclareAttack[2m > [22mrejects targeting a card that does not belong to the opponent
 [32m✓[39m src/engine/rules/battle/__tests__/declareAttack.test.ts[2m > [22mvalidateDeclareAttack[2m > [22mrejects targeting an ACTIVE opposing Character
 [32m✓[39m src/engine/rules/battle/__tests__/declareAttack.test.ts[2m > [22mvalidateDeclareAttack[2m > [22maccepts attacking the opposing Leader
 [32m✓[39m src/engine/rules/battle/__tests__/declareAttack.test.ts[2m > [22mvalidateDeclareAttack[2m > [22maccepts attacking a RESTED opposing Character
 [32m✓[39m src/engine/rules/battle/__tests__/declareAttack.test.ts[2m > [22mexecuteDeclareAttack[2m > [22mrests the attacker and opens a Battle at the Block Step for a normal attacker
 [32m✓[39m src/engine/rules/battle/__tests__/declareAttack.test.ts[2m > [22mexecuteDeclareAttack[2m > [22mskips straight to the Counter Step for an [Unblockable] attacker
 [32m✓[39m src/engine/rules/battle/__tests__/declareAttack.test.ts[2m > [22mexecuteDeclareAttack[2m > [22mnever changes the target Leader's orientation — only the attacker rests
 [32m✓[39m src/engine/rules/battle/__tests__/declareAttack.test.ts[2m > [22mexecuteDeclareAttack[2m > [22mnever changes the target Character's orientation — it stays exactly as rested as it already was, the attacker rests too
 [32m✓[39m src/engine/rules/battle/__tests__/damageStep.test.ts[2m > [22mresolveDamageAndEndOfBattle[2m > [22mthrows when there is no in-progress Battle
 [32m✓[39m src/engine/rules/battle/__tests__/damageStep.test.ts[2m > [22mresolveDamageAndEndOfBattle[2m > [22ma successful Leader attack deals 1 Life hit, reveals the card to hand, and ends the Battle
 [32m✓[39m src/engine/rules/battle/__tests__/damageStep.test.ts[2m > [22mresolveDamageAndEndOfBattle[2m > [22mlogs TRIGGER_REVEALED (without executing it) when the revealed Life card has [Trigger]
 [32m✓[39m src/engine/rules/battle/__tests__/damageStep.test.ts[2m > [22mresolveDamageAndEndOfBattle[2m > [22m[Double Attack] deals 2 Life hits against a Leader target
 [32m✓[39m src/engine/rules/battle/__tests__/damageStep.test.ts[2m > [22mresolveDamageAndEndOfBattle[2m > [22ma hit against an already-empty Life area ends the game immediately ("decked out on Life")
 [32m✓[39m src/engine/rules/battle/__tests__/damageStep.test.ts[2m > [22mresolveDamageAndEndOfBattle[2m > [22ma successful Character attack K.O.s the target and moves it to trash
 [32m✓[39m src/engine/rules/battle/__tests__/damageStep.test.ts[2m > [22mresolveDamageAndEndOfBattle[2m > [22ma failed attack (attacker power < target power) changes nothing but still ends the Battle
 [32m✓[39m src/engine/actions/handlers/__tests__/playCharacter.test.ts[2m > [22mvalidatePlayCharacter[2m > [22mrejects outside the Main Phase
 [32m✓[39m src/engine/actions/handlers/__tests__/playCharacter.test.ts[2m > [22mvalidatePlayCharacter[2m > [22mrejects a non-turn-player
 [32m✓[39m src/engine/actions/handlers/__tests__/playCharacter.test.ts[2m > [22mvalidatePlayCharacter[2m > [22mrejects a card that is not in the hand
 [32m✓[39m src/engine/actions/handlers/__tests__/playCharacter.test.ts[2m > [22mvalidatePlayCharacter[2m > [22mrejects a non-Character card category
 [32m✓[39m src/engine/actions/handlers/__tests__/playCharacter.test.ts[2m > [22mvalidatePlayCharacter[2m > [22mrejects a DON!! count that does not match cost
 [32m✓[39m src/engine/actions/handlers/__tests__/playCharacter.test.ts[2m > [22mvalidatePlayCharacter[2m > [22mrejects duplicate donInstanceIds
 [32m✓[39m src/engine/actions/handlers/__tests__/playCharacter.test.ts[2m > [22mvalidatePlayCharacter[2m > [22mrejects an already-rested DON!! as payment
 [32m✓[39m src/engine/actions/handlers/__tests__/playCharacter.test.ts[2m > [22mvalidatePlayCharacter[2m > [22maccepts a well-formed PLAY_CHARACTER
 [32m✓[39m src/engine/actions/handlers/__tests__/playCharacter.test.ts[2m > [22mexecutePlayCharacter[2m > [22mmoves the card from hand to characterArea under a freshly minted instanceId, resting the paid DON!!
 [32m✓[39m src/engine/actions/handlers/__tests__/playCharacter.test.ts[2m > [22mexecutePlayCharacter[2m > [22ma Character with Rush enters play without summoning sickness
 [32m✓[39m src/engine/actions/handlers/__tests__/playCharacter.test.ts[2m > [22mexecutePlayCharacter[2m > [22mqueues a characterAreaOverflow PendingChoice when a 6th Character is played
 [32m✓[39m src/cards/decks/__tests__/saveDeck.test.ts[2m > [22mcreateSavedDeck[2m > [22mbuilds a SavedDeck embedding both normalized and raw data for a legal 50-card deck
 [32m✓[39m src/cards/decks/__tests__/saveDeck.test.ts[2m > [22mcreateSavedDeck[2m > [22mproduces a deck that survives a JSON round-trip with no loss (project ground rule: JSON-serializable)
 [32m✓[39m src/cards/decks/__tests__/saveDeck.test.ts[2m > [22mcreateSavedDeck[2m > [22mrejects a deck that fails construction legality, surfacing deckValidation reasons
 [32m✓[39m src/cards/decks/__tests__/saveDeck.test.ts[2m > [22mcreateSavedDeck[2m > [22mrejects a stale printing selection (chosen art no longer present in fetched printings)
 [32m✓[39m src/cards/decks/__tests__/saveDeck.test.ts[2m > [22mcreateSavedDeck — new snapshot fields (variant, cachedImagePath, sourceImportLines)[2m > [22mderives variant from the chosen printing image id, leaving it null for the base/no-variant printing
 [32m✓[39m src/cards/decks/__tests__/saveDeck.test.ts[2m > [22mcreateSavedDeck — new snapshot fields (variant, cachedImagePath, sourceImportLines)[2m > [22mderives a non-null variant when a Parallel/SP/Manga printing is chosen instead of the base art
 [32m✓[39m src/cards/decks/__tests__/saveDeck.test.ts[2m > [22mcreateSavedDeck — new snapshot fields (variant, cachedImagePath, sourceImportLines)[2m > [22malways sets cachedImagePath to null (Phase 1 placeholder — no asset caching implemented yet)
 [32m✓[39m src/cards/decks/__tests__/saveDeck.test.ts[2m > [22mcreateSavedDeck — new snapshot fields (variant, cachedImagePath, sourceImportLines)[2m > [22mcarries sourceImportLines through from a clipboard-imported selection, and defaults to null otherwise
 [32m✓[39m src/engine/setup/__tests__/setupFlow.test.ts[2m > [22mcreatePreGameState[2m > [22mplaces both leaders active/face-up and queues the going-first choice
 [32m✓[39m src/engine/setup/__tests__/setupFlow.test.ts[2m > [22mcreatePreGameState[2m > [22mrejects a decidingPlayerId that is not one of the two players
 [32m✓[39m src/engine/setup/__tests__/setupFlow.test.ts[2m > [22mcreatePreGameState[2m > [22mrejects structurally invalid PlayerSetupInput (wrong deck size)
 [32m✓[39m src/engine/setup/__tests__/setupFlow.test.ts[2m > [22mcreatePreGameState[2m > [22mis deterministic: identical inputs + seed produce an identical shuffled deck order
 [31m×[39m src/engine/setup/__tests__/setupFlow.test.ts[2m > [22mcreatePreGameState[2m > [22mshuffles the deck (does not leave it in input order)
[31m   → expected [ Array(50) ] to not deeply equal [ Array(50) ][39m
 [32m✓[39m src/engine/setup/__tests__/setupFlow.test.ts[2m > [22mvalidateChooseGoingFirst / executeChooseGoingFirst[2m > [22mrejects a non-deciding player
 [32m✓[39m src/engine/setup/__tests__/setupFlow.test.ts[2m > [22mvalidateChooseGoingFirst / executeChooseGoingFirst[2m > [22mdeals a 5-card opening hand to both players and queues the first-player mulligan choice
 [32m✓[39m src/engine/setup/__tests__/setupFlow.test.ts[2m > [22mvalidateChooseGoingFirst / executeChooseGoingFirst[2m > [22mhonors goingFirst: false — the OTHER player goes first
 [32m✓[39m src/engine/setup/__tests__/setupFlow.test.ts[2m > [22mvalidateChooseGoingFirst / executeChooseGoingFirst[2m > [22mrejects re-running CHOOSE_GOING_FIRST after it has already resolved
 [32m✓[39m src/engine/setup/__tests__/setupFlow.test.ts[2m > [22mvalidateMulliganDecision / executeMulliganDecision[2m > [22mrejects the going-second player acting before the going-first player decides
 [32m✓[39m src/engine/setup/__tests__/setupFlow.test.ts[2m > [22mvalidateMulliganDecision / executeMulliganDecision[2m > [22mkeep (no redraw): hand is untouched, turn passes to the going-second player
 [32m✓[39m src/engine/setup/__tests__/setupFlow.test.ts[2m > [22mvalidateMulliganDecision / executeMulliganDecision[2m > [22mredraw: returns hand to deck, reshuffles, deals a new 5-card hand, deck size unchanged net
 [32m✓[39m src/engine/setup/__tests__/setupFlow.test.ts[2m > [22mvalidateMulliganDecision / executeMulliganDecision[2m > [22mrejects a second mulligan decision from the same player
 [32m✓[39m src/engine/setup/__tests__/setupFlow.test.ts[2m > [22mvalidateMulliganDecision / executeMulliganDecision[2m > [22mfinishing the second mulligan deals Life cards and starts turn 1 (5-2-1-7, 5-2-1-8)
 [32m✓[39m src/engine/setup/__tests__/setupFlow.test.ts[2m > [22mfull setup flow — end to end[2m > [22mproduces a fully-formed turn-1 GameState
 [31m×[39m src/engine/setup/__tests__/setupFlow.test.ts[2m > [22mfull setup flow — end to end[2m > [22mreplays identically given the same seed and the same decisions (determinism / replayability)
[31m   → expected { turnNumber: 1, …(14) } to deeply equal { turnNumber: 1, …(14) }[39m
 [32m✓[39m src/engine/setup/__tests__/setupFlow.test.ts[2m > [22mfull setup flow — end to end[2m > [22mis fully JSON-serializable with no information lost (no undefined values, round-trips exactly)
 [32m✓[39m src/cards/effectTemplates/__tests__/compileAndRun.test.ts[2m > [22mcompiler[2m > [22mlowers the catalog (draw, self-power, give-DON, KO)
 [32m✓[39m src/cards/effectTemplates/__tests__/compileAndRun.test.ts[2m > [22mcompiler[2m > [22mKO lowers to a cost/power-filtered chooseTargets + ko
 [32m✓[39m src/cards/effectTemplates/__tests__/compileAndRun.test.ts[2m > [22mcompiler[2m > [22mdoes NOT lower a dynamic threshold (no guessing)
 [32m✓[39m src/cards/effectTemplates/__tests__/compileAndRun.test.ts[2m > [22minterpreter runs the compiled IR[2m > [22mOP04-045 [On Play] draws 1
 [32m✓[39m src/cards/effectTemplates/__tests__/compileAndRun.test.ts[2m > [22minterpreter runs the compiled IR[2m > [22mST01-013 self +1000 gated by [DON!! x1]
 [32m✓[39m src/cards/effectTemplates/__tests__/compileAndRun.test.ts[2m > [22minterpreter runs the compiled IR[2m > [22mST15-002 give up to 1 DON!! — choice then resume
 [32m✓[39m src/cards/effectTemplates/__tests__/compileAndRun.test.ts[2m > [22minterpreter runs the compiled IR[2m > [22mOP02-011 [On Play] KO offers only opponent Characters with <=3000 power, then K.O.s
 [32m✓[39m src/engine/rules/battle/__tests__/activateBlocker.test.ts[2m > [22mvalidateActivateBlocker[2m > [22mrejects when there is no Battle in progress
 [32m✓[39m src/engine/rules/battle/__tests__/activateBlocker.test.ts[2m > [22mvalidateActivateBlocker[2m > [22mrejects outside the Block Step
 [32m✓[39m src/engine/rules/battle/__tests__/activateBlocker.test.ts[2m > [22mvalidateActivateBlocker[2m > [22mrejects a second Blocker activation in the same battle
 [32m✓[39m src/engine/rules/battle/__tests__/activateBlocker.test.ts[2m > [22mvalidateActivateBlocker[2m > [22mrejects the attacking player attempting to activate a Blocker
 [32m✓[39m src/engine/rules/battle/__tests__/activateBlocker.test.ts[2m > [22mvalidateActivateBlocker[2m > [22mrejects a Character without [Blocker]
 [32m✓[39m src/engine/rules/battle/__tests__/activateBlocker.test.ts[2m > [22mvalidateActivateBlocker[2m > [22mrejects a rested Blocker
 [32m✓[39m src/engine/rules/battle/__tests__/activateBlocker.test.ts[2m > [22mvalidateActivateBlocker[2m > [22maccepts a valid Blocker activation
 [32m✓[39m src/engine/rules/battle/__tests__/activateBlocker.test.ts[2m > [22mexecuteActivateBlocker[2m > [22mrests the blocker and re-targets the Battle onto it, advancing to the Counter Step
 [32m✓[39m src/engine/actions/handlers/__tests__/resolvePendingChoice.test.ts[2m > [22mvalidateResolvePendingChoice[2m > [22mrejects an unknown choiceId
 [32m✓[39m src/engine/actions/handlers/__tests__/resolvePendingChoice.test.ts[2m > [22mvalidateResolvePendingChoice[2m > [22mrejects a player who does not own the choice
 [32m✓[39m src/engine/actions/handlers/__tests__/resolvePendingChoice.test.ts[2m > [22mvalidateResolvePendingChoice[2m > [22mrejects a response that is not a 1-element array for characterAreaOverflow
 [32m✓[39m src/engine/actions/handlers/__tests__/resolvePendingChoice.test.ts[2m > [22mvalidateResolvePendingChoice[2m > [22mrejects a chosen card id not currently in the Character Area
 [32m✓[39m src/engine/actions/handlers/__tests__/resolvePendingChoice.test.ts[2m > [22mvalidateResolvePendingChoice[2m > [22mrejects an unrecognized sourceEffectId
 [32m✓[39m src/engine/actions/handlers/__tests__/resolvePendingChoice.test.ts[2m > [22mvalidateResolvePendingChoice[2m > [22maccepts a valid characterAreaOverflow resolution
 [32m✓[39m src/engine/actions/handlers/__tests__/resolvePendingChoice.test.ts[2m > [22mexecuteResolvePendingChoice[2m > [22mtrashes the chosen Character, resets its donAttached, and clears the PendingChoice
 [32m✓[39m src/engine/actions/handlers/__tests__/playStage.test.ts[2m > [22mvalidatePlayStage[2m > [22mrejects outside the Main Phase
 [32m✓[39m src/engine/actions/handlers/__tests__/playStage.test.ts[2m > [22mvalidatePlayStage[2m > [22mrejects a non-turn-player
 [32m✓[39m src/engine/actions/handlers/__tests__/playStage.test.ts[2m > [22mvalidatePlayStage[2m > [22mrejects a non-Stage card category
 [32m✓[39m src/engine/actions/handlers/__tests__/playStage.test.ts[2m > [22mvalidatePlayStage[2m > [22mrejects a DON!! count mismatched with cost
 [32m✓[39m src/engine/actions/handlers/__tests__/playStage.test.ts[2m > [22mvalidatePlayStage[2m > [22maccepts a well-formed PLAY_STAGE
 [32m✓[39m src/engine/actions/handlers/__tests__/playStage.test.ts[2m > [22mexecutePlayStage[2m > [22mmoves the card from hand into an empty stageArea
 [32m✓[39m src/engine/actions/handlers/__tests__/playStage.test.ts[2m > [22mexecutePlayStage[2m > [22mtrashes the previous Stage (no PendingChoice) when a new one is played
 [32m✓[39m src/cards/decks/__tests__/clipboardImport.test.ts[2m > [22mparseClipboardDeckList[2m > [22mparses every example from the spec: variant with letter+digit, variant, and no variant
 [32m✓[39m src/cards/decks/__tests__/clipboardImport.test.ts[2m > [22mparseClipboardDeckList[2m > [22mpreserves the raw input verbatim, including whitespace, on the result
 [32m✓[39m src/cards/decks/__tests__/clipboardImport.test.ts[2m > [22mparseClipboardDeckList[2m > [22mignores blank/whitespace-only lines without reporting them as invalid
 [32m✓[39m src/cards/decks/__tests__/clipboardImport.test.ts[2m > [22mparseClipboardDeckList[2m > [22mreports an unparseable line but keeps parsing the valid lines around it
 [32m✓[39m src/cards/decks/__tests__/clipboardImport.test.ts[2m > [22mparseClipboardDeckList[2m > [22mgives a specific reason when a line looks like a bare card id missing its quantity prefix
 [32m✓[39m src/cards/decks/__tests__/clipboardImport.test.ts[2m > [22mparseClipboardDeckList[2m > [22mrejects a zero quantity with a specific reason, distinct from a generic format error
 [32m✓[39m src/cards/decks/__tests__/clipboardImport.test.ts[2m > [22mparseClipboardDeckList[2m > [22maggregates duplicate lines (same cardId + same variant) into one entry, summing quantity and recording every source line
 [32m✓[39m src/cards/decks/__tests__/clipboardImport.test.ts[2m > [22mparseClipboardDeckList[2m > [22mkeeps different variants of the same cardId as separate entries, but sums them in totalQuantityByCardId
 [32m✓[39m src/cards/decks/__tests__/clipboardImport.test.ts[2m > [22mparseClipboardDeckList[2m > [22muppercases cardId for consistent matching, without altering variant casing
 [32m✓[39m src/cards/decks/__tests__/clipboardImport.test.ts[2m > [22mparseClipboardDeckList[2m > [22mtolerates whitespace around the x separator
 [32m✓[39m src/cards/decks/__tests__/clipboardImport.test.ts[2m > [22mparseClipboardDeckList[2m > [22mhandles CRLF line endings the same as LF
 [32m✓[39m src/cards/decks/__tests__/clipboardImport.test.ts[2m > [22mparseClipboardDeckList[2m > [22mnumbers invalid lines by their 1-based position in the original input, counting blank lines
 [32m✓[39m src/cards/decks/__tests__/clipboardImport.test.ts[2m > [22mparseClipboardDeckList[2m > [22mreturns empty entries/invalidLines for an empty or whitespace-only input
 [31m×[39m src/cards/effectTemplates/__tests__/activate.test.ts[2m > [22mcompiler lowers [Activate: Main] give-DON[2m > [22mcompiles both Nami (give to ...) and Luffy leader (give <target> up to N) phrasings
[31m   → expected undefined to match object { trigger: 'activateMain', …(1) }[39m
 [32m✓[39m src/cards/effectTemplates/__tests__/activate.test.ts[2m > [22mACTIVATE_CARD_EFFECT[2m > [22mvalidates a no-cost activatable card in the Main Phase
 [32m✓[39m src/cards/effectTemplates/__tests__/activate.test.ts[2m > [22mACTIVATE_CARD_EFFECT[2m > [22mrejects when not your card / not in play
 [32m✓[39m src/cards/effectTemplates/__tests__/activate.test.ts[2m > [22mACTIVATE_CARD_EFFECT[2m > [22mfires the ability: raises the give-DON choice, then resume gives 1 DON
 [32m✓[39m src/cards/effectTemplates/__tests__/activate.test.ts[2m > [22mACTIVATE_CARD_EFFECT[2m > [22menforces [Once Per Turn]: a second activation is rejected
 [32m✓[39m src/cards/effectTemplates/__tests__/activate.test.ts[2m > [22mACTIVATE_CARD_EFFECT[2m > [22mrejects activation costs (not modeled yet)
 [32m✓[39m src/engine/rng/__tests__/seededRng.test.ts[2m > [22mcreateSeededRng[2m > [22mnextFloat is deterministic for the same (seed, cursor)
 [32m✓[39m src/engine/rng/__tests__/seededRng.test.ts[2m > [22mcreateSeededRng[2m > [22mnextFloat always returns a value in [0, 1)
 [32m✓[39m src/engine/rng/__tests__/seededRng.test.ts[2m > [22mcreateSeededRng[2m > [22mdifferent seeds produce different sequences
 [32m✓[39m src/engine/rng/__tests__/seededRng.test.ts[2m > [22mcreateSeededRng[2m > [22madvancing cursor changes the draw (no obvious short cycle)
 [32m✓[39m src/engine/rng/__tests__/seededRng.test.ts[2m > [22mcreateSeededRng[2m > [22mnextInt stays within [0, maxExclusive)
 [32m✓[39m src/engine/rng/__tests__/seededRng.test.ts[2m > [22mcreateSeededRng[2m > [22mnextInt rejects a non-positive-integer maxExclusive
 [32m✓[39m src/engine/rng/__tests__/seededRng.test.ts[2m > [22mcreateSeededRng[2m > [22mshuffle returns a permutation of the input (same elements, same length)
 [32m✓[39m src/engine/rng/__tests__/seededRng.test.ts[2m > [22mcreateSeededRng[2m > [22mshuffle is deterministic for the same (seed, cursor)
 [32m✓[39m src/engine/rng/__tests__/seededRng.test.ts[2m > [22mcreateSeededRng[2m > [22mshuffle actually reorders a non-trivial array (not a no-op)
 [32m✓[39m src/engine/rng/__tests__/seededRng.test.ts[2m > [22mcreateSeededRng[2m > [22mshuffle handles empty and single-element arrays without throwing
 [32m✓[39m src/engine/rng/__tests__/seededRng.test.ts[2m > [22mcreateSeededRng[2m > [22mgetState() returns a fresh cursor-0 state for the bound seed
 [32m✓[39m src/engine/rng/__tests__/seededRng.test.ts[2m > [22mcreateSeededRng[2m > [22mhashSeed-driven draws can resume from any serialized RngState, not just getState()
 [32m✓[39m src/engine/actions/__tests__/dispatch.test.ts[2m > [22mvalidateAction — gameOver short-circuit[2m > [22mrejects every action once state.gameOver is set, regardless of type
 [32m✓[39m src/engine/actions/__tests__/dispatch.test.ts[2m > [22mvalidateAction — gameOver short-circuit[2m > [22mexecuteAction throws once the game is over
 [32m✓[39m src/engine/actions/__tests__/dispatch.test.ts[2m > [22mvalidateAction — pending-choice gate (non-setup phases)[2m > [22mblocks an unrelated action type while a PendingChoice is outstanding
 [32m✓[39m src/engine/actions/__tests__/dispatch.test.ts[2m > [22mvalidateAction — pending-choice gate (non-setup phases)[2m > [22mblocks CHOOSE_GOING_FIRST / MULLIGAN_DECISION outside of setup, even with a PendingChoice outstanding
 [32m✓[39m src/engine/actions/__tests__/dispatch.test.ts[2m > [22mvalidateAction — pending-choice gate (non-setup phases)[2m > [22mlets RESOLVE_PENDING_CHOICE and CONCEDE through the gate (they reach their own per-type validators)
 [32m✓[39m src/engine/actions/__tests__/dispatch.test.ts[2m > [22mvalidateAction — pending-choice gate (setup phase exception)[2m > [22mallows CHOOSE_GOING_FIRST through the gate during setup, and the per-type validator also accepts it
 [31m×[39m src/engine/actions/__tests__/dispatch.test.ts[2m > [22mvalidateAction — pending-choice gate (setup phase exception)[2m > [22mallows MULLIGAN_DECISION through the gate during setup, and the per-type validator also accepts it
[31m   → expected false to be true // Object.is equality[39m
 [32m✓[39m src/engine/actions/__tests__/dispatch.test.ts[2m > [22mvalidateAction — pending-choice gate (setup phase exception)[2m > [22mstill blocks RESOLVE_PENDING_CHOICE-unrelated types (e.g. END_MAIN_PHASE) during setup
 [32m✓[39m src/engine/actions/__tests__/dispatch.test.ts[2m > [22mexecuteAction — routing, logging, and automatic-phase cascade[2m > [22mroutes END_MAIN_PHASE and cascades end -> refresh -> draw -> don -> main, handing the turn to the other player
 [32m✓[39m src/engine/actions/__tests__/dispatch.test.ts[2m > [22mexecuteAction — routing, logging, and automatic-phase cascade[2m > [22mthrows (never silently no-ops) when asked to execute an action that fails validation
 [32m✓[39m src/engine/actions/__tests__/dispatch.test.ts[2m > [22mexecuteAction — routing, logging, and automatic-phase cascade[2m > [22mre-validates against the CURRENT state rather than trusting a stale prior check
 [32m✓[39m src/engine/actions/__tests__/dispatch.test.ts[2m > [22mexecuteAction — routing, logging, and automatic-phase cascade[2m > [22mregression: a card drawn via the automatic Draw Phase cascade is immediately playable (currentZone, not just hand.cardIds, must reflect the move)
 [32m✓[39m src/engine/actions/handlers/__tests__/giveDon.test.ts[2m > [22mvalidateGiveDon[2m > [22mrejects outside the Main Phase
 [32m✓[39m src/engine/actions/handlers/__tests__/giveDon.test.ts[2m > [22mvalidateGiveDon[2m > [22mrejects a non-turn-player
 [32m✓[39m src/engine/actions/handlers/__tests__/giveDon.test.ts[2m > [22mvalidateGiveDon[2m > [22mrejects a rested DON!! as the giver
 [32m✓[39m src/engine/actions/handlers/__tests__/giveDon.test.ts[2m > [22mvalidateGiveDon[2m > [22mrejects a target that does not belong to the giving player
 [32m✓[39m src/engine/actions/handlers/__tests__/giveDon.test.ts[2m > [22mvalidateGiveDon[2m > [22mrejects a target in a zone other than leaderArea/characterArea
 [32m✓[39m src/engine/actions/handlers/__tests__/giveDon.test.ts[2m > [22mvalidateGiveDon[2m > [22maccepts giving to own Leader
 [32m✓[39m src/engine/actions/handlers/__tests__/giveDon.test.ts[2m > [22mvalidateGiveDon[2m > [22maccepts giving to own Character
 [32m✓[39m src/engine/actions/handlers/__tests__/giveDon.test.ts[2m > [22mexecuteGiveDon[2m > [22mrests the DON!! and attaches it to the target without moving its zone
 [32m✓[39m src/cards/decks/__tests__/deckValidation.test.ts[2m > [22mvalidateDeckConstruction[2m > [22maccepts a deck with exactly 50 cards, max 4 copies per number, all leader-colored
 [32m✓[39m src/cards/decks/__tests__/deckValidation.test.ts[2m > [22mvalidateDeckConstruction[2m > [22mrejects a deck that is not exactly 50 cards (5-1-2)
 [32m✓[39m src/cards/decks/__tests__/deckValidation.test.ts[2m > [22mvalidateDeckConstruction[2m > [22mrejects more than 4 copies of the same card number, even split across entries (5-1-2-3)
 [32m✓[39m src/cards/decks/__tests__/deckValidation.test.ts[2m > [22mvalidateDeckConstruction[2m > [22mrejects a Leader or DON!! card placed in the main deck (5-1-2-1)
 [32m✓[39m src/cards/decks/__tests__/deckValidation.test.ts[2m > [22mvalidateDeckConstruction[2m > [22mrejects a single-color card whose color is not on the Leader (5-1-2-2)
 [31m×[39m src/cards/decks/__tests__/deckValidation.test.ts[2m > [22mvalidateDeckConstruction[2m > [22mrejects a multicolor card not fully contained in Leader colors, flagged as the TODO subset-rule case
[31m   → expected false to be true // Object.is equality[39m
 [32m✓[39m src/cards/decks/__tests__/deckValidation.test.ts[2m > [22mvalidateDeckConstruction[2m > [22mflags a non-Leader card in the Leader slot
 [32m✓[39m src/engine/rules/battle/__tests__/passStep.test.ts[2m > [22mvalidatePassStep[2m > [22mrejects when there is no Battle in progress
 [32m✓[39m src/engine/rules/battle/__tests__/passStep.test.ts[2m > [22mvalidatePassStep[2m > [22mrejects during the damage/endOfBattle steps
 [32m✓[39m src/engine/rules/battle/__tests__/passStep.test.ts[2m > [22mvalidatePassStep[2m > [22mrejects the attacking player
 [32m✓[39m src/engine/rules/battle/__tests__/passStep.test.ts[2m > [22mvalidatePassStep[2m > [22maccepts the defending player during the Block Step
 [32m✓[39m src/engine/rules/battle/__tests__/passStep.test.ts[2m > [22mvalidatePassStep[2m > [22maccepts the defending player during the Counter Step
 [32m✓[39m src/engine/rules/battle/__tests__/passStep.test.ts[2m > [22mexecutePassStep[2m > [22madvances Block -> Counter with no other state change
 [32m✓[39m src/engine/rules/battle/__tests__/passStep.test.ts[2m > [22mexecutePassStep[2m > [22mpassing the Counter Step synchronously resolves Damage + End of Battle
 [31m×[39m src/cards/api/__tests__/resolveCardById.test.ts[2m > [22mresolveCardPrintingsById[2m > [22mreturns found:true from the sets family when it has rows
[31m   → expected { ok: false, error: { …(2) } } to deeply equal { ok: true, found: true, …(2) }[39m
 [31m×[39m src/cards/api/__tests__/resolveCardById.test.ts[2m > [22mresolveCardPrintingsById[2m > [22mfalls through to decks when sets is empty
[31m   → expected { ok: false, error: { …(2) } } to deeply equal { ok: true, found: true, …(2) }[39m
 [31m×[39m src/cards/api/__tests__/resolveCardById.test.ts[2m > [22mresolveCardPrintingsById[2m > [22mfalls through to promos when sets and decks are both empty
[31m   → expected { ok: true, found: false } to deeply equal { ok: true, found: true, …(2) }[39m
 [32m✓[39m src/cards/api/__tests__/resolveCardById.test.ts[2m > [22mresolveCardPrintingsById[2m > [22mreturns found:false when every family answers cleanly with zero rows
 [31m×[39m src/cards/api/__tests__/resolveCardById.test.ts[2m > [22mresolveCardPrintingsById[2m > [22mkeeps trying remaining families after one errors, and still finds a match
[31m   → expected { ok: false, error: { …(2) } } to deeply equal { ok: true, found: true, …(2) }[39m
 [32m✓[39m src/cards/api/__tests__/resolveCardById.test.ts[2m > [22mresolveCardPrintingsById[2m > [22mreturns ok:false when every family fails outright (never silently reports not-found)
 [32m✓[39m src/cards/effectParser/__tests__/recognizers.test.ts[2m > [22mcount-clearing recognizers[2m > [22mplain multi-sentence of recognized atoms clears review
 [32m✓[39m src/cards/effectParser/__tests__/recognizers.test.ts[2m > [22mcount-clearing recognizers[2m > [22m"You may draw 1 card." → optional draw, still cleared
 [32m✓[39m src/cards/effectParser/__tests__/recognizers.test.ts[2m > [22mcount-clearing recognizers[2m > [22ma leading "If …" precondition forces needsReview (condition not dropped)
 [32m✓[39m src/cards/effectParser/__tests__/recognizers.test.ts[2m > [22mcount-clearing recognizers[2m > [22maccepts "draw a card" (word number)
 [32m✓[39m src/cards/effectParser/__tests__/recognizers.test.ts[2m > [22mhint ops (recognized verb, always needsReview)[2m > [22mK.O. with a trailing restriction → ko hint, flagged
 [32m✓[39m src/cards/effectParser/__tests__/recognizers.test.ts[2m > [22mhint ops (recognized verb, always needsReview)[2m > [22mdoes NOT fragment or false-match "cannot be K.O.'d"
 [32m✓[39m src/cards/effectParser/__tests__/recognizers.test.ts[2m > [22mhint ops (recognized verb, always needsReview)[2m > [22m"the rest" (remainder) does not match the rest-Character recognizer
 [32m✓[39m src/cards/effectParser/__tests__/recognizers.test.ts[2m > [22mability segmentation[2m > [22mpermanent effect + [Activate: Main] split into two abilities
 [32m✓[39m src/cards/effectParser/__tests__/recognizers.test.ts[2m > [22mability segmentation[2m > [22mleading condition-only tags still merge forward into one ability
 [32m✓[39m src/engine/actions/handlers/__tests__/activateEventMain.test.ts[2m > [22mvalidateActivateEventMain[2m > [22mrejects outside the Main Phase
 [32m✓[39m src/engine/actions/handlers/__tests__/activateEventMain.test.ts[2m > [22mvalidateActivateEventMain[2m > [22mrejects a non-turn-player
 [32m✓[39m src/engine/actions/handlers/__tests__/activateEventMain.test.ts[2m > [22mvalidateActivateEventMain[2m > [22mrejects a non-Event card category
 [32m✓[39m src/engine/actions/handlers/__tests__/activateEventMain.test.ts[2m > [22mvalidateActivateEventMain[2m > [22mrejects a DON!! count mismatched with cost
 [32m✓[39m src/engine/actions/handlers/__tests__/activateEventMain.test.ts[2m > [22mvalidateActivateEventMain[2m > [22maccepts a well-formed ACTIVATE_EVENT_MAIN
 [32m✓[39m src/engine/actions/handlers/__tests__/activateEventMain.test.ts[2m > [22mexecuteActivateEventMain[2m > [22mrests the paid DON!! and moves the Event straight from hand to trash, stubbing the effect
 [32m✓[39m src/cards/decks/__tests__/savedDeck.test.ts[2m > [22mmigrateSavedDeck[2m > [22mbackfills variant/cachedImagePath/sourceImportLines as null on every v1 snapshot and bumps schemaVersion
 [32m✓[39m src/cards/decks/__tests__/savedDeck.test.ts[2m > [22mmigrateSavedDeck[2m > [22mtreats a deck with no schemaVersion field at all as v1 (pre-versioning saves, if any existed)
 [32m✓[39m src/cards/decks/__tests__/savedDeck.test.ts[2m > [22mmigrateSavedDeck[2m > [22mpasses a current-version deck through unchanged
 [32m✓[39m src/cards/decks/__tests__/savedDeck.test.ts[2m > [22mmigrateSavedDeck[2m > [22mreturns null for input that does not look like a SavedDeck at all
 [32m✓[39m src/cards/decks/__tests__/savedDeck.test.ts[2m > [22mmigrateSavedDeck[2m > [22mrefuses to guess at a schemaVersion newer than this code knows about, rather than silently mangling it
 [32m✓[39m src/engine/rules/phases/__tests__/runRefreshPhase.test.ts[2m > [22mrunRefreshPhase[2m > [22mreturns given DON!!, activates rested field cards, clears summoning sickness, and un-rests cost-area DON!! for the active player only
 [32m✓[39m src/engine/rules/phases/__tests__/advanceAutomaticPhases.test.ts[2m > [22madvanceAutomaticPhases[2m > [22mis a no-op when currentPhase is already "main"
 [32m✓[39m src/engine/rules/phases/__tests__/advanceAutomaticPhases.test.ts[2m > [22madvanceAutomaticPhases[2m > [22mis a no-op when currentPhase is "setup"
 [32m✓[39m src/engine/rules/phases/__tests__/advanceAutomaticPhases.test.ts[2m > [22madvanceAutomaticPhases[2m > [22mruns Refresh -> Draw -> DON!! -> Main and stops, for the same active player
 [32m✓[39m src/engine/rules/phases/__tests__/advanceAutomaticPhases.test.ts[2m > [22madvanceAutomaticPhases[2m > [22mruns End -> handoff -> Refresh -> Draw -> DON!! -> Main, landing on the new active player
 [32m✓[39m src/engine/rules/phases/__tests__/advanceAutomaticPhases.test.ts[2m > [22madvanceAutomaticPhases[2m > [22mstops immediately once gameOver is set mid-cascade (decking out during the Draw Phase)
 [32m✓[39m src/engine/rules/phases/__tests__/runDonPhase.test.ts[2m > [22mrunDonPhase[2m > [22madds 2 DON!! from the DON!! deck to the cost area on a normal turn
 [32m✓[39m src/engine/rules/phases/__tests__/runDonPhase.test.ts[2m > [22mrunDonPhase[2m > [22monly adds 1 DON!! for the player going first on turn 1 (isFirstTurnOfGame)
 [32m✓[39m src/engine/rules/phases/__tests__/runDonPhase.test.ts[2m > [22mrunDonPhase[2m > [22mcaps at however many DON!! remain in the DON!! deck
 [32m✓[39m src/engine/rules/phases/__tests__/runDonPhase.test.ts[2m > [22mrunDonPhase[2m > [22mdoes not touch the opponent
 [32m✓[39m src/engine/rules/phases/__tests__/runEndPhaseAndHandoff.test.ts[2m > [22mrunEndPhaseAndHandoff[2m > [22mhands the turn to the other player, increments turnNumber, resets to the Refresh Phase, and clears isFirstTurnOfGame
 [32m✓[39m src/engine/rules/phases/__tests__/runEndPhaseAndHandoff.test.ts[2m > [22mrunEndPhaseAndHandoff[2m > [22mexpires "duringThisTurn"/"endOfTurn" continuous effects but keeps other durations
 [32m✓[39m src/engine/rules/phases/__tests__/runEndPhaseAndHandoff.test.ts[2m > [22mrunEndPhaseAndHandoff[2m > [22mlogs PHASE_CHANGED then TURN_PASSED
 [32m✓[39m src/engine/rules/phases/__tests__/runEndPhaseAndHandoff.test.ts[2m > [22mrunEndPhaseAndHandoff[2m > [22mworks symmetrically when p2 is the active player
 [32m✓[39m src/cards/normalization/__tests__/extractTriggerText.test.ts[2m > [22mextractTriggerText[2m > [22mreturns undefined and emits no warning when "[Trigger]" is absent
 [32m✓[39m src/cards/normalization/__tests__/extractTriggerText.test.ts[2m > [22mextractTriggerText[2m > [22mextracts to end of string when no further bracketed keyword follows [Trigger]
 [32m✓[39m src/cards/normalization/__tests__/extractTriggerText.test.ts[2m > [22mextractTriggerText[2m > [22mstops at the next bracketed keyword after [Trigger], not the whole remainder
 [32m✓[39m src/cards/normalization/__tests__/extractTriggerText.test.ts[2m > [22mextractTriggerText[2m > [22mreturns undefined (and no warning) when [Trigger] has no trailing text at all
 [32m✓[39m src/cards/normalization/__tests__/extractTriggerText.test.ts[2m > [22mextractTriggerText[2m > [22mignores bracketed keywords that appear BEFORE [Trigger]
 [32m✓[39m src/cards/library/__tests__/filterCardLibraryEntries.test.ts[2m > [22mfilterCardLibraryEntries[2m > [22mreturns everything when the filter is empty
 [32m✓[39m src/cards/library/__tests__/filterCardLibraryEntries.test.ts[2m > [22mfilterCardLibraryEntries[2m > [22mmatches query against name, case-insensitively
 [32m✓[39m src/cards/library/__tests__/filterCardLibraryEntries.test.ts[2m > [22mfilterCardLibraryEntries[2m > [22mmatches query against card number
 [32m✓[39m src/cards/library/__tests__/filterCardLibraryEntries.test.ts[2m > [22mfilterCardLibraryEntries[2m > [22mfilters by color (OR across the provided list)
 [32m✓[39m src/cards/library/__tests__/filterCardLibraryEntries.test.ts[2m > [22mfilterCardLibraryEntries[2m > [22mfilters by category
 [32m✓[39m src/cards/library/__tests__/filterCardLibraryEntries.test.ts[2m > [22mfilterCardLibraryEntries[2m > [22mcombines query and facet filters with AND
 [32m✓[39m src/engine/rules/phases/__tests__/runDrawPhase.test.ts[2m > [22mrunDrawPhase[2m > [22mskips the draw for the player going first on turn 1 (isFirstTurnOfGame)
 [32m✓[39m src/engine/rules/phases/__tests__/runDrawPhase.test.ts[2m > [22mrunDrawPhase[2m > [22mdraws exactly 1 card from the top of the deck into hand on a normal turn
 [32m✓[39m src/engine/rules/phases/__tests__/runDrawPhase.test.ts[2m > [22mrunDrawPhase[2m > [22man empty deck on a normal turn ends the game by decking out
 [32m✓[39m src/engine/actions/handlers/__tests__/concede.test.ts[2m > [22mvalidateConcede[2m > [22mis legal in any phase
 [32m✓[39m src/engine/actions/handlers/__tests__/concede.test.ts[2m > [22mvalidateConcede[2m > [22mrejects an unknown playerId
 [32m✓[39m src/engine/actions/handlers/__tests__/concede.test.ts[2m > [22mvalidateConcede[2m > [22mrejects once the game has already ended
 [32m✓[39m src/engine/actions/handlers/__tests__/concede.test.ts[2m > [22mexecuteConcede[2m > [22msets gameOver with the OTHER player as winner and reason "concession"
 [32m✓[39m src/engine/actions/handlers/__tests__/concede.test.ts[2m > [22mexecuteConcede[2m > [22mworks symmetrically for the other player
 [32m✓[39m src/cards/normalization/__tests__/canonicalPrinting.test.ts[2m > [22mpickCanonicalPrinting[2m > [22mpicks the printing whose card_image_id matches card_set_id exactly
 [32m✓[39m src/cards/normalization/__tests__/canonicalPrinting.test.ts[2m > [22mpickCanonicalPrinting[2m > [22mreturns every other printing as alternates, none duplicated
 [32m✓[39m src/cards/normalization/__tests__/canonicalPrinting.test.ts[2m > [22mpickCanonicalPrinting[2m > [22mwarns when printings disagree on card_text (real API behavior, OP01-016 SP variant)
 [32m✓[39m src/cards/normalization/__tests__/canonicalPrinting.test.ts[2m > [22mpickCanonicalPrinting[2m > [22mdoes not warn about text mismatch when all printings agree (OP01-001 Leader)
 [32m✓[39m src/cards/normalization/__tests__/canonicalPrinting.test.ts[2m > [22mpickCanonicalPrinting[2m > [22mhandles a single-printing array without ambiguity warnings
 [32m✓[39m src/cards/normalization/__tests__/canonicalPrinting.test.ts[2m > [22mpickCanonicalPrinting[2m > [22mthrows on an empty array rather than fabricating a result
 [32m✓[39m src/engine/actions/handlers/__tests__/endMainPhase.test.ts[2m > [22mvalidateEndMainPhase[2m > [22mrejects outside the Main Phase
 [32m✓[39m src/engine/actions/handlers/__tests__/endMainPhase.test.ts[2m > [22mvalidateEndMainPhase[2m > [22mrejects a non-turn-player
 [32m✓[39m src/engine/actions/handlers/__tests__/endMainPhase.test.ts[2m > [22mvalidateEndMainPhase[2m > [22maccepts the turn player ending their own Main Phase
 [32m✓[39m src/engine/actions/handlers/__tests__/endMainPhase.test.ts[2m > [22mexecuteEndMainPhase[2m > [22msets currentPhase to "end" and logs PHASE_CHANGED, without touching activePlayerId
 [32m✓[39m src/engine/state/__tests__/serialization.test.ts[2m > [22mGameState schema (blueprint Section 20)[2m > [22mround-trips through JSON.stringify/parse without loss
 [32m✓[39m src/engine/state/__tests__/serialization.test.ts[2m > [22mGameState schema (blueprint Section 20)[2m > [22mcontains no functions or undefined-valued keys anywhere in the tree
 [32m✓[39m src/engine/state/__tests__/serialization.test.ts[2m > [22mGameState schema (blueprint Section 20)[2m > [22mevery zone referenced by a player is a flat id list (no nested CardInstance objects)
 [32m✓[39m src/cards/library/__tests__/groupPrintingsByCardNumber.test.ts[2m > [22mgroupPrintingsByCardNumber[2m > [22mgroups interleaved rows by card_set_id
 [32m✓[39m src/cards/library/__tests__/groupPrintingsByCardNumber.test.ts[2m > [22mgroupPrintingsByCardNumber[2m > [22mpreserves first-seen group order
 [32m✓[39m src/cards/library/__tests__/groupPrintingsByCardNumber.test.ts[2m > [22mgroupPrintingsByCardNumber[2m > [22mreturns an empty array for empty input
 [32m✓[39m src/engine/actions/handlers/__tests__/stubbedRejections.test.ts[2m > [22mvalidateActivateCounterEvent[2m > [22malways rejects, with a reason explaining it is not implemented yet
 [32m✓[39m src/engine/actions/handlers/__tests__/stubbedRejections.test.ts[2m > [22mexecuteActivateCounterEvent[2m > [22malways throws — must never be reached by the dispatcher

[31m⎯⎯⎯⎯⎯⎯⎯[1m[7m Failed Tests 9 [27m[22m⎯⎯⎯⎯⎯⎯⎯[39m

[31m[1m[7m FAIL [27m[22m[39m src/cards/api/__tests__/resolveCardById.test.ts[2m > [22mresolveCardPrintingsById[2m > [22mreturns found:true from the sets family when it has rows
[31m[1mAssertionError[22m: expected { ok: false, error: { …(2) } } to deeply equal { ok: true, found: true, …(2) }[39m

[32m- Expected[39m
[31m+ Received[39m

[2m  Object {[22m
[32m-   "family": "sets",[39m
[32m-   "found": true,[39m
[32m-   "ok": true,[39m
[32m-   "printings": Array [[39m
[32m-     Object {[39m
[32m-       "attribute": "Slash",[39m
[32m-       "card_color": "Red",[39m
[32m-       "card_cost": "1",[39m
[32m-       "card_image": null,[39m
[32m-       "card_image_id": "OP01-001",[39m
[32m-       "card_name": "Test Card",[39m
[32m-       "card_power": "1000",[39m
[32m-       "card_set_id": "OP01-001",[39m
[32m-       "card_text": "",[39m
[32m-       "card_type": "Character",[39m
[32m-       "counter_amount": null,[39m
[32m-       "date_scraped": "2026-06-28",[39m
[32m-       "inventory_price": null,[39m
[32m-       "life": null,[39m
[32m-       "market_price": null,[39m
[32m-       "rarity": "C",[39m
[32m-       "set_id": "OP-01",[39m
[32m-       "set_name": "Test Set",[39m
[32m-       "sub_types": "",[39m
[31m+   "error": Object {[39m
[31m+     "kind": "network",[39m
[31m+     "message": "unexpected url /cards/index.json",[39m
[2m    },[22m
[32m-   ],[39m
[31m+   "ok": false,[39m
[2m  }[22m

[36m [2m❯[22m src/cards/api/__tests__/resolveCardById.test.ts:[2m44:20[22m[39m
    [90m 42| [39m
    [90m 43| [39m    [35mconst[39m result [33m=[39m [35mawait[39m [34mresolveCardPrintingsById[39m(fetchImpl[33m,[39m [32m'OP01-001[39m…
    [90m 44| [39m    [34mexpect[39m(result)[33m.[39m[34mtoEqual[39m({ ok[33m:[39m [35mtrue[39m[33m,[39m found[33m:[39m [35mtrue[39m[33m,[39m family[33m:[39m [32m'sets'[39m[33m,[39m pr…
    [90m   | [39m                   [31m^[39m
    [90m 45| [39m  })[33m;[39m
    [90m 46| [39m

[31m[2m⎯⎯⎯⎯⎯⎯⎯⎯⎯⎯⎯⎯⎯⎯⎯⎯⎯⎯⎯⎯⎯⎯⎯⎯[1/9]⎯[22m[39m

[31m[1m[7m FAIL [27m[22m[39m src/cards/api/__tests__/resolveCardById.test.ts[2m > [22mresolveCardPrintingsById[2m > [22mfalls through to decks when sets is empty
[31m[1mAssertionError[22m: expected { ok: false, error: { …(2) } } to deeply equal { ok: true, found: true, …(2) }[39m

[32m- Expected[39m
[31m+ Received[39m

[2m  Object {[22m
[32m-   "family": "decks",[39m
[32m-   "found": true,[39m
[32m-   "ok": true,[39m
[32m-   "printings": Array [[39m
[32m-     Object {[39m
[32m-       "attribute": "Slash",[39m
[32m-       "card_color": "Red",[39m
[32m-       "card_cost": "1",[39m
[32m-       "card_image": null,[39m
[32m-       "card_image_id": "OP01-001",[39m
[32m-       "card_name": "Test Card",[39m
[32m-       "card_power": "1000",[39m
[32m-       "card_set_id": "ST01-001",[39m
[32m-       "card_text": "",[39m
[32m-       "card_type": "Character",[39m
[32m-       "counter_amount": null,[39m
[32m-       "date_scraped": "2026-06-28",[39m
[32m-       "inventory_price": null,[39m
[32m-       "life": null,[39m
[32m-       "market_price": null,[39m
[32m-       "rarity": "C",[39m
[32m-       "set_id": "OP-01",[39m
[32m-       "set_name": "Test Set",[39m
[32m-       "sub_types": "",[39m
[31m+   "error": Object {[39m
[31m+     "kind": "network",[39m
[31m+     "message": "unexpected url /cards/index.json",[39m
[2m    },[22m
[32m-   ],[39m
[31m+   "ok": false,[39m
[2m  }[22m

[36m [2m❯[22m src/cards/api/__tests__/resolveCardById.test.ts:[2m58:20[22m[39m
    [90m 56| [39m
    [90m 57| [39m    [35mconst[39m result [33m=[39m [35mawait[39m [34mresolveCardPrintingsById[39m(fetchImpl[33m,[39m [32m'ST01-001[39m…
    [90m 58| [39m    [34mexpect[39m(result)[33m.[39m[34mtoEqual[39m({ ok[33m:[39m [35mtrue[39m[33m,[39m found[33m:[39m [35mtrue[39m[33m,[39m family[33m:[39m [32m'decks'[39m[33m,[39m p…
    [90m   | [39m                   [31m^[39m
    [90m 59| [39m    [34mexpect[39m(calledUrls)[33m.[39m[34mtoHaveLength[39m([34m2[39m)[33m;[39m
    [90m 60| [39m  })[33m;[39m

[31m[2m⎯⎯⎯⎯⎯⎯⎯⎯⎯⎯⎯⎯⎯⎯⎯⎯⎯⎯⎯⎯⎯⎯⎯⎯[2/9]⎯[22m[39m

[31m[1m[7m FAIL [27m[22m[39m src/cards/api/__tests__/resolveCardById.test.ts[2m > [22mresolveCardPrintingsById[2m > [22mfalls through to promos when sets and decks are both empty
[31m[1mAssertionError[22m: expected { ok: true, found: false } to deeply equal { ok: true, found: true, …(2) }[39m

[32m- Expected[39m
[31m+ Received[39m

[2m  Object {[22m
[32m-   "family": "promos",[39m
[32m-   "found": true,[39m
[31m+   "found": false,[39m
[2m    "ok": true,[22m
[32m-   "printings": Array [[39m
[32m-     Object {[39m
[32m-       "attribute": "Slash",[39m
[32m-       "card_color": "Red",[39m
[32m-       "card_cost": "1",[39m
[32m-       "card_image": null,[39m
[32m-       "card_image_id": "OP01-001",[39m
[32m-       "card_name": "Test Card",[39m
[32m-       "card_power": "1000",[39m
[32m-       "card_set_id": "P-001",[39m
[32m-       "card_text": "",[39m
[32m-       "card_type": "Character",[39m
[32m-       "counter_amount": null,[39m
[32m-       "date_scraped": "2026-06-28",[39m
[32m-       "inventory_price": null,[39m
[32m-       "life": null,[39m
[32m-       "market_price": null,[39m
[32m-       "rarity": "C",[39m
[32m-       "set_id": "OP-01",[39m
[32m-       "set_name": "Test Set",[39m
[32m-       "sub_types": "",[39m
[32m-     },[39m
[32m-   ],[39m
[2m  }[22m

[36m [2m❯[22m src/cards/api/__tests__/resolveCardById.test.ts:[2m70:20[22m[39m
    [90m 68| [39m
    [90m 69| [39m    [35mconst[39m result [33m=[39m [35mawait[39m [34mresolveCardPrintingsById[39m(fetchImpl[33m,[39m [32m'P-001'[39m)[33m;[39m
    [90m 70| [39m    [34mexpect[39m(result)[33m.[39m[34mtoEqual[39m({ ok[33m:[39m [35mtrue[39m[33m,[39m found[33m:[39m [35mtrue[39m[33m,[39m family[33m:[39m [32m'promos'[39m[33m,[39m …
    [90m   | [39m                   [31m^[39m
    [90m 71| [39m  })[33m;[39m
    [90m 72| [39m

[31m[2m⎯⎯⎯⎯⎯⎯⎯⎯⎯⎯⎯⎯⎯⎯⎯⎯⎯⎯⎯⎯⎯⎯⎯⎯[3/9]⎯[22m[39m

[31m[1m[7m FAIL [27m[22m[39m src/cards/api/__tests__/resolveCardById.test.ts[2m > [22mresolveCardPrintingsById[2m > [22mkeeps trying remaining families after one errors, and still finds a match
[31m[1mAssertionError[22m: expected { ok: false, error: { …(2) } } to deeply equal { ok: true, found: true, …(2) }[39m

[32m- Expected[39m
[31m+ Received[39m

[2m  Object {[22m
[32m-   "family": "promos",[39m
[32m-   "found": true,[39m
[32m-   "ok": true,[39m
[32m-   "printings": Array [[39m
[32m-     Object {[39m
[32m-       "attribute": "Slash",[39m
[32m-       "card_color": "Red",[39m
[32m-       "card_cost": "1",[39m
[32m-       "card_image": null,[39m
[32m-       "card_image_id": "OP01-001",[39m
[32m-       "card_name": "Test Card",[39m
[32m-       "card_power": "1000",[39m
[32m-       "card_set_id": "P-002",[39m
[32m-       "card_text": "",[39m
[32m-       "card_type": "Character",[39m
[32m-       "counter_amount": null,[39m
[32m-       "date_scraped": "2026-06-28",[39m
[32m-       "inventory_price": null,[39m
[32m-       "life": null,[39m
[32m-       "market_price": null,[39m
[32m-       "rarity": "C",[39m
[32m-       "set_id": "OP-01",[39m
[32m-       "set_name": "Test Set",[39m
[32m-       "sub_types": "",[39m
[31m+   "error": Object {[39m
[31m+     "kind": "network",[39m
[31m+     "message": "unexpected url /cards/index.json",[39m
[2m    },[22m
[32m-   ],[39m
[31m+   "ok": false,[39m
[2m  }[22m

[36m [2m❯[22m src/cards/api/__tests__/resolveCardById.test.ts:[2m90:20[22m[39m
    [90m 88| [39m
    [90m 89| [39m    [35mconst[39m result [33m=[39m [35mawait[39m [34mresolveCardPrintingsById[39m(fetchImpl[33m,[39m [32m'P-002'[39m)[33m;[39m
    [90m 90| [39m    [34mexpect[39m(result)[33m.[39m[34mtoEqual[39m({ ok[33m:[39m [35mtrue[39m[33m,[39m found[33m:[39m [35mtrue[39m[33m,[39m family[33m:[39m [32m'promos'[39m[33m,[39m …
    [90m   | [39m                   [31m^[39m
    [90m 91| [39m  })[33m;[39m
    [90m 92| [39m

[31m[2m⎯⎯⎯⎯⎯⎯⎯⎯⎯⎯⎯⎯⎯⎯⎯⎯⎯⎯⎯⎯⎯⎯⎯⎯[4/9]⎯[22m[39m

[31m[1m[7m FAIL [27m[22m[39m src/cards/decks/__tests__/deckValidation.test.ts[2m > [22mvalidateDeckConstruction[2m > [22mrejects a multicolor card not fully contained in Leader colors, flagged as the TODO subset-rule case
[31m[1mAssertionError[22m: expected false to be true // Object.is equality[39m

[32m- Expected[39m
[31m+ Received[39m

[32m- true[39m
[31m+ false[39m

[36m [2m❯[22m src/cards/decks/__tests__/deckValidation.test.ts:[2m81:78[22m[39m
    [90m 79| [39m    [35mconst[39m result [33m=[39m [34mvalidateDeckConstruction[39m(multicolorLeader[33m,[39m deck)[33m;[39m
    [90m 80| [39m    [34mexpect[39m(result[33m.[39mlegal)[33m.[39m[34mtoBe[39m([35mfalse[39m)[33m;[39m
    [90m 81| [39m    [34mexpect[39m(result[33m.[39mreasons[33m.[39m[34msome[39m((r) [33m=>[39m r[33m.[39m[34mincludes[39m([32m'multicolor subset ru[39m…
    [90m   | [39m                                                                             [31m^[39m
    [90m 82| [39m  })[33m;[39m
    [90m 83| [39m

[31m[2m⎯⎯⎯⎯⎯⎯⎯⎯⎯⎯⎯⎯⎯⎯⎯⎯⎯⎯⎯⎯⎯⎯⎯⎯[5/9]⎯[22m[39m

[31m[1m[7m FAIL [27m[22m[39m src/cards/effectTemplates/__tests__/activate.test.ts[2m > [22mcompiler lowers [Activate: Main] give-DON[2m > [22mcompiles both Nami (give to ...) and Luffy leader (give <target> up to N) phrasings
[31m[1mAssertionError[22m: expected undefined to match object { trigger: 'activateMain', …(1) }[39m

[32m- Expected:[39m 
Object {
  "oncePerTurn": true,
  "trigger": "activateMain",
}

[31m+ Received:[39m 
undefined

[36m [2m❯[22m src/cards/effectTemplates/__tests__/activate.test.ts:[2m43:77[22m[39m
    [90m 41| [39m  [34mit[39m([32m'compiles both Nami (give to ...) and Luffy leader (give <target>[39m…
    [90m 42| [39m    [34mexpect[39m([34mcompileEffect[39m([33mNAMI[39m[33m.[39mcardNumber[33m,[39m [33mNAMI[39m[33m.[39meffectText)[33m?.[39mabilities[…
    [90m 43| [39m    [34mexpect[39m([34mcompileEffect[39m([33mLUFFY[39m[33m.[39mcardNumber[33m,[39m [33mLUFFY[39m[33m.[39meffectText)[33m?.[39mabilitie…
    [90m   | [39m                                                                            [31m^[39m
    [90m 44| [39m  })[33m;[39m
    [90m 45| [39m})[33m;[39m

[31m[2m⎯⎯⎯⎯⎯⎯⎯⎯⎯⎯⎯⎯⎯⎯⎯⎯⎯⎯⎯⎯⎯⎯⎯⎯[6/9]⎯[22m[39m

[31m[1m[7m FAIL [27m[22m[39m src/engine/actions/__tests__/dispatch.test.ts[2m > [22mvalidateAction — pending-choice gate (setup phase exception)[2m > [22mallows MULLIGAN_DECISION through the gate during setup, and the per-type validator also accepts it
[31m[1mAssertionError[22m: expected false to be true // Object.is equality[39m

[32m- Expected[39m
[31m+ Received[39m

[32m- true[39m
[31m+ false[39m

[36m [2m❯[22m src/engine/actions/__tests__/dispatch.test.ts:[2m135:26[22m[39m
    [90m133| [39m    [35mconst[39m action[33m:[39m [33mMulliganDecisionAction[39m [33m=[39m { type[33m:[39m [32m'MULLIGAN_DECISION'[39m…
    [90m134| [39m    [35mconst[39m result [33m=[39m [34mvalidateAction[39m(setupPhaseState[33m,[39m action[33m,[39m defs)[33m;[39m
    [90m135| [39m    [34mexpect[39m(result[33m.[39mlegal)[33m.[39m[34mtoBe[39m([35mtrue[39m)[33m;[39m
    [90m   | [39m                         [31m^[39m
    [90m136| [39m  })[33m;[39m
    [90m137| [39m

[31m[2m⎯⎯⎯⎯⎯⎯⎯⎯⎯⎯⎯⎯⎯⎯⎯⎯⎯⎯⎯⎯⎯⎯⎯⎯[7/9]⎯[22m[39m

[31m[1m[7m FAIL [27m[22m[39m src/engine/setup/__tests__/setupFlow.test.ts[2m > [22mcreatePreGameState[2m > [22mshuffles the deck (does not leave it in input order)
[31m[1mAssertionError[22m: expected [ Array(50) ] to not deeply equal [ Array(50) ][39m

[2mCompared values have no visual difference.[22m

[36m [2m❯[22m src/engine/setup/__tests__/setupFlow.test.ts:[2m82:47[22m[39m
    [90m 80| [39m    [35mconst[39m state [33m=[39m [34mbuildPreGame[39m([32m'p1'[39m[33m,[39m [32m'shuffle-check-seed'[39m)[33m;[39m
    [90m 81| [39m    [35mconst[39m mintedOrder [33m=[39m state[33m.[39mplayers[33m.[39mp1[33m.[39mdeck[33m.[39mcardIds[33m.[39m[34mslice[39m()[33m.[39m[34msort[39m()[33m;[39m
    [90m 82| [39m    [34mexpect[39m(state[33m.[39mplayers[33m.[39mp1[33m.[39mdeck[33m.[39mcardIds)[33m.[39mnot[33m.[39m[34mtoEqual[39m(mintedOrder[33m.[39mleng…
    [90m   | [39m                                              [31m^[39m
    [90m 83| [39m    [90m// Stronger check: the minted ids are sequential (p1__deck__0..49)[39m…
    [90m 84| [39m    [35mconst[39m sequential [33m=[39m [33mArray[39m[33m.[39m[35mfrom[39m({ length[33m:[39m [34m50[39m }[33m,[39m (_[33m,[39m i) [33m=>[39m [32m`p1__deck_[39m…

[31m[2m⎯⎯⎯⎯⎯⎯⎯⎯⎯⎯⎯⎯⎯⎯⎯⎯⎯⎯⎯⎯⎯⎯⎯⎯[8/9]⎯[22m[39m

[31m[1m[7m FAIL [27m[22m[39m src/engine/setup/__tests__/setupFlow.test.ts[2m > [22mfull setup flow — end to end[2m > [22mreplays identically given the same seed and the same decisions (determinism / replayability)
[31m[1mAssertionError[22m: expected { turnNumber: 1, …(14) } to deeply equal { turnNumber: 1, …(14) }[39m

[32m- Expected[39m
[31m+ Received[39m

[2m  Object {[22m
[2m    "activePlayerId": "p1",[22m
[2m    "cardsById": Object {[22m
[2m      "p1__deck__0": Object {[22m
[2m        "appliedContinuousEffectIds": Array [],[22m
[32m-       "cardDefinitionId": "character-3551",[39m
[31m+       "cardDefinitionId": "character-3347",[39m
[2m        "controllerId": "p1",[22m
[2m        "currentZone": "deck",[22m
[2m        "donAttached": Array [],[22m
[2m        "faceState": "faceDown",[22m
[2m        "instanceId": "p1__deck__0",[22m
[2m        "oncePerTurnUsed": Array [],[22m
[2m        "orientation": null,[22m
[2m        "ownerId": "p1",[22m
[2m        "revealedTo": Array [],[22m
[2m        "summoningSick": false,[22m
[2m      },[22m
[2m      "p1__deck__1": Object {[22m
[2m        "appliedContinuousEffectIds": Array [],[22m
[32m-       "cardDefinitionId": "character-3553",[39m
[31m+       "cardDefinitionId": "character-3349",[39m
[2m        "controllerId": "p1",[22m
[2m        "currentZone": "deck",[22m
[2m        "donAttached": Array [],[22m
[2m        "faceState": "faceDown",[22m
[2m        "instanceId": "p1__deck__1",[22m
[2m        "oncePerTurnUsed": Array [],[22m
[2m        "orientation": null,[22m
[2m        "ownerId": "p1",[22m
[2m        "revealedTo": Array [],[22m
[2m        "summoningSick": false,[22m
[2m      },[22m
[2m      "p1__deck__10": Object {[22m
[2m        "appliedContinuousEffectIds": Array [],[22m
[32m-       "cardDefinitionId": "character-3571",[39m
[31m+       "cardDefinitionId": "character-3367",[39m
[2m        "controllerId": "p1",[22m
[2m        "currentZone": "lifeArea",[22m
[2m        "donAttached": Array [],[22m
[2m        "faceState": "faceDown",[22m
[2m        "instanceId": "p1__deck__10",[22m
[2m        "oncePerTurnUsed": Array [],[22m
[2m        "orientation": null,[22m
[2m        "ownerId": "p1",[22m
[2m        "revealedTo": Array [],[22m
[2m        "summoningSick": false,[22m
[2m      },[22m
[2m      "p1__deck__11": Object {[22m
[2m        "appliedContinuousEffectIds": Array [],[22m
[32m-       "cardDefinitionId": "character-3573",[39m
[31m+       "cardDefinitionId": "character-3369",[39m
[2m        "controllerId": "p1",[22m
[2m        "currentZone": "deck",[22m
[2m        "donAttached": Array [],[22m
[2m        "faceState": "faceDown",[22m
[2m        "instanceId": "p1__deck__11",[22m
[2m        "oncePerTurnUsed": Array [],[22m
[2m        "orientation": null,[22m
[2m        "ownerId": "p1",[22m
[2m        "revealedTo": Array [],[22m
[2m        "summoningSick": false,[22m
[2m      },[22m
[2m      "p1__deck__12": Object {[22m
[2m        "appliedContinuousEffectIds": Array [],[22m
[32m-       "cardDefinitionId": "character-3575",[39m
[31m+       "cardDefinitionId": "character-3371",[39m
[2m        "controllerId": "p1",[22m
[2m        "currentZone": "deck",[22m
[2m        "donAttached": Array [],[22m
[2m        "faceState": "faceDown",[22m
[2m        "instanceId": "p1__deck__12",[22m
[2m        "oncePerTurnUsed": Array [],[22m
[2m        "orientation": null,[22m
[2m        "ownerId": "p1",[22m
[2m        "revealedTo": Array [],[22m
[2m        "summoningSick": false,[22m
[2m      },[22m
[2m      "p1__deck__13": Object {[22m
[2m        "appliedContinuousEffectIds": Array [],[22m
[32m-       "cardDefinitionId": "character-3577",[39m
[31m+       "cardDefinitionId": "character-3373",[39m
[2m        "controllerId": "p1",[22m
[2m        "currentZone": "deck",[22m
[2m        "donAttached": Array [],[22m
[2m        "faceState": "faceDown",[22m
[2m        "instanceId": "p1__deck__13",[22m
[2m        "oncePerTurnUsed": Array [],[22m
[2m        "orientation": null,[22m
[2m        "ownerId": "p1",[22m
[2m        "revealedTo": Array [],[22m
[2m        "summoningSick": false,[22m
[2m      },[22m
[2m      "p1__deck__14": Object {[22m
[2m        "appliedContinuousEffectIds": Array [],[22m
[32m-       "cardDefinitionId": "character-3579",[39m
[31m+       "cardDefinitionId": "character-3375",[39m
[2m        "controllerId": "p1",[22m
[2m        "currentZone": "lifeArea",[22m
[2m        "donAttached": Array [],[22m
[2m        "faceState": "faceDown",[22m
[2m        "instanceId": "p1__deck__14",[22m
[2m        "oncePerTurnUsed": Array [],[22m
[2m        "orientation": null,[22m
[2m        "ownerId": "p1",[22m
[2m        "revealedTo": Array [],[22m
[2m        "summoningSick": false,[22m
[2m      },[22m
[2m      "p1__deck__15": Object {[22m
[2m        "appliedContinuousEffectIds": Array [],[22m
[32m-       "cardDefinitionId": "character-3581",[39m
[31m+       "cardDefinitionId": "character-3377",[39m
[2m        "controllerId": "p1",[22m
[2m        "currentZone": "deck",[22m
[2m        "donAttached": Array [],[22m
[2m        "faceState": "faceDown",[22m
[2m        "instanceId": "p1__deck__15",[22m
[2m        "oncePerTurnUsed": Array [],[22m
[2m        "orientation": null,[22m
[2m        "ownerId": "p1",[22m
[2m        "revealedTo": Array [],[22m
[2m        "summoningSick": false,[22m
[2m      },[22m
[2m      "p1__deck__16": Object {[22m
[2m        "appliedContinuousEffectIds": Array [],[22m
[32m-       "cardDefinitionId": "character-3583",[39m
[31m+       "cardDefinitionId": "character-3379",[39m
[2m        "controllerId": "p1",[22m
[2m        "currentZone": "deck",[22m
[2m        "donAttached": Array [],[22m
[2m        "faceState": "faceDown",[22m
[2m        "instanceId": "p1__deck__16",[22m
[2m        "oncePerTurnUsed": Array [],[22m
[2m        "orientation": null,[22m
[2m        "ownerId": "p1",[22m
[2m        "revealedTo": Array [],[22m
[2m        "summoningSick": false,[22m
[2m      },[22m
[2m      "p1__deck__17": Object {[22m
[2m        "appliedContinuousEffectIds": Array [],[22m
[32m-       "cardDefinitionId": "character-3585",[39m
[31m+       "cardDefinitionId": "character-3381",[39m
[2m        "controllerId": "p1",[22m
[2m        "currentZone": "hand",[22m
[2m        "donAttached": Array [],[22m
[2m        "faceState": "faceDown",[22m
[2m        "instanceId": "p1__deck__17",[22m
[2m        "oncePerTurnUsed": Array [],[22m
[2m        "orientation": null,[22m
[2m        "ownerId": "p1",[22m
[2m        "revealedTo": Array [],[22m
[2m        "summoningSick": false,[22m
[2m      },[22m
[2m      "p1__deck__18": Object {[22m
[2m        "appliedContinuousEffectIds": Array [],[22m
[32m-       "cardDefinitionId": "character-3587",[39m
[31m+       "cardDefinitionId": "character-3383",[39m
[2m        "controllerId": "p1",[22m
[2m        "currentZone": "deck",[22m
[2m        "donAttached": Array [],[22m
[2m        "faceState": "faceDown",[22m
[2m        "instanceId": "p1__deck__18",[22m
[2m        "oncePerTurnUsed": Array [],[22m
[2m        "orientation": null,[22m
[2m        "ownerId": "p1",[22m
[2m        "revealedTo": Array [],[22m
[2m        "summoningSick": false,[22m
[2m      },[22m
[2m      "p1__deck__19": Object {[22m
[2m        "appliedContinuousEffectIds": Array [],[22m
[32m-       "cardDefinitionId": "character-3589",[39m
[31m+       "cardDefinitionId": "character-3385",[39m
[2m        "controllerId": "p1",[22m
[2m        "currentZone": "deck",[22m
[2m        "donAttached": Array [],[22m
[2m        "faceState": "faceDown",[22m
[2m        "instanceId": "p1__deck__19",[22m
[2m        "oncePerTurnUsed": Array [],[22m
[2m        "orientation": null,[22m
[2m        "ownerId": "p1",[22m
[2m        "revealedTo": Array [],[22m
[2m        "summoningSick": false,[22m
[2m      },[22m
[2m      "p1__deck__2": Object {[22m
[2m        "appliedContinuousEffectIds": Array [],[22m
[32m-       "cardDefinitionId": "character-3555",[39m
[31m+       "cardDefinitionId": "character-3351",[39m
[2m        "controllerId": "p1",[22m
[2m        "currentZone": "deck",[22m
[2m        "donAttached": Array [],[22m
[2m        "faceState": "faceDown",[22m
[2m        "instanceId": "p1__deck__2",[22m
[2m        "oncePerTurnUsed": Array [],[22m
[2m        "orientation": null,[22m
[2m        "ownerId": "p1",[22m
[2m        "revealedTo": Array [],[22m
[2m        "summoningSick": false,[22m
[2m      },[22m
[2m      "p1__deck__20": Object {[22m
[2m        "appliedContinuousEffectIds": Array [],[22m
[32m-       "cardDefinitionId": "character-3591",[39m
[31m+       "cardDefinitionId": "character-3387",[39m
[2m        "controllerId": "p1",[22m
[2m        "currentZone": "deck",[22m
[2m        "donAttached": Array [],[22m
[2m        "faceState": "faceDown",[22m
[2m        "instanceId": "p1__deck__20",[22m
[2m        "oncePerTurnUsed": Array [],[22m
[2m        "orientation": null,[22m
[2m        "ownerId": "p1",[22m
[2m        "revealedTo": Array [],[22m
[2m        "summoningSick": false,[22m
[2m      },[22m
[2m      "p1__deck__21": Object {[22m
[2m        "appliedContinuousEffectIds": Array [],[22m
[32m-       "cardDefinitionId": "character-3593",[39m
[31m+       "cardDefinitionId": "character-3389",[39m
[2m        "controllerId": "p1",[22m
[2m        "currentZone": "hand",[22m
[2m        "donAttached": Array [],[22m
[2m        "faceState": "faceDown",[22m
[2m        "instanceId": "p1__deck__21",[22m
[2m        "oncePerTurnUsed": Array [],[22m
[2m        "orientation": null,[22m
[2m        "ownerId": "p1",[22m
[2m        "revealedTo": Array [],[22m
[2m        "summoningSick": false,[22m
[2m      },[22m
[2m      "p1__deck__22": Object {[22m
[2m        "appliedContinuousEffectIds": Array [],[22m
[32m-       "cardDefinitionId": "character-3595",[39m
[31m+       "cardDefinitionId": "character-3391",[39m
[2m        "controllerId": "p1",[22m
[2m        "currentZone": "deck",[22m
[2m        "donAttached": Array [],[22m
[2m        "faceState": "faceDown",[22m
[2m        "instanceId": "p1__deck__22",[22m
[2m        "oncePerTurnUsed": Array [],[22m
[2m        "orientation": null,[22m
[2m        "ownerId": "p1",[22m
[2m        "revealedTo": Array [],[22m
[2m        "summoningSick": false,[22m
[2m      },[22m
[2m      "p1__deck__23": Object {[22m
[2m        "appliedContinuousEffectIds": Array [],[22m
[32m-       "cardDefinitionId": "character-3597",[39m
[31m+       "cardDefinitionId": "character-3393",[39m
[2m        "controllerId": "p1",[22m
[2m        "currentZone": "deck",[22m
[2m        "donAttached": Array [],[22m
[2m        "faceState": "faceDown",[22m
[2m        "instanceId": "p1__deck__23",[22m
[2m        "oncePerTurnUsed": Array [],[22m
[2m        "orientation": null,[22m
[2m        "ownerId": "p1",[22m
[2m        "revealedTo": Array [],[22m
[2m        "summoningSick": false,[22m
[2m      },[22m
[2m      "p1__deck__24": Object {[22m
[2m        "appliedContinuousEffectIds": Array [],[22m
[32m-       "cardDefinitionId": "character-3599",[39m
[31m+       "cardDefinitionId": "character-3395",[39m
[2m        "controllerId": "p1",[22m
[2m        "currentZone": "deck",[22m
[2m        "donAttached": Array [],[22m
[2m        "faceState": "faceDown",[22m
[2m        "instanceId": "p1__deck__24",[22m
[2m        "oncePerTurnUsed": Array [],[22m
[2m        "orientation": null,[22m
[2m        "ownerId": "p1",[22m
[2m        "revealedTo": Array [],[22m
[2m        "summoningSick": false,[22m
[2m      },[22m
[2m      "p1__deck__25": Object {[22m
[2m        "appliedContinuousEffectIds": Array [],[22m
[32m-       "cardDefinitionId": "character-3601",[39m
[31m+       "cardDefinitionId": "character-3397",[39m
[2m        "controllerId": "p1",[22m
[2m        "currentZone": "deck",[22m
[2m        "donAttached": Array [],[22m
[2m        "faceState": "faceDown",[22m
[2m        "instanceId": "p1__deck__25",[22m
[2m        "oncePerTurnUsed": Array [],[22m
[2m        "orientation": null,[22m
[2m        "ownerId": "p1",[22m
[2m        "revealedTo": Array [],[22m
[2m        "summoningSick": false,[22m
[2m      },[22m
[2m      "p1__deck__26": Object {[22m
[2m        "appliedContinuousEffectIds": Array [],[22m
[32m-       "cardDefinitionId": "character-3603",[39m
[31m+       "cardDefinitionId": "character-3399",[39m
[2m        "controllerId": "p1",[22m
[2m        "currentZone": "deck",[22m
[2m        "donAttached": Array [],[22m
[2m        "faceState": "faceDown",[22m
[2m        "instanceId": "p1__deck__26",[22m
[2m        "oncePerTurnUsed": Array [],[22m
[2m        "orientation": null,[22m
[2m        "ownerId": "p1",[22m
[2m        "revealedTo": Array [],[22m
[2m        "summoningSick": false,[22m
[2m      },[22m
[2m      "p1__deck__27": Object {[22m
[2m        "appliedContinuousEffectIds": Array [],[22m
[32m-       "cardDefinitionId": "character-3605",[39m
[31m+       "cardDefinitionId": "character-3401",[39m
[2m        "controllerId": "p1",[22m
[2m        "currentZone": "deck",[22m
[2m        "donAttached": Array [],[22m
[2m        "faceState": "faceDown",[22m
[2m        "instanceId": "p1__deck__27",[22m
[2m        "oncePerTurnUsed": Array [],[22m
[2m        "orientation": null,[22m
[2m        "ownerId": "p1",[22m
[2m        "revealedTo": Array [],[22m
[2m        "summoningSick": false,[22m
[2m      },[22m
[2m      "p1__deck__28": Object {[22m
[2m        "appliedContinuousEffectIds": Array [],[22m
[32m-       "cardDefinitionId": "character-3607",[39m
[31m+       "cardDefinitionId": "character-3403",[39m
[2m        "controllerId": "p1",[22m
[2m        "currentZone": "deck",[22m
[2m        "donAttached": Array [],[22m
[2m        "faceState": "faceDown",[22m
[2m        "instanceId": "p1__deck__28",[22m
[2m        "oncePerTurnUsed": Array [],[22m
[2m        "orientation": null,[22m
[2m        "ownerId": "p1",[22m
[2m        "revealedTo": Array [],[22m
[2m        "summoningSick": false,[22m
[2m      },[22m
[2m      "p1__deck__29": Object {[22m
[2m        "appliedContinuousEffectIds": Array [],[22m
[32m-       "cardDefinitionId": "character-3609",[39m
[31m+       "cardDefinitionId": "character-3405",[39m
[2m        "controllerId": "p1",[22m
[2m        "currentZone": "hand",[22m
[2m        "donAttached": Array [],[22m
[2m        "faceState": "faceDown",[22m
[2m        "instanceId": "p1__deck__29",[22m
[2m        "oncePerTurnUsed": Array [],[22m
[2m        "orientation": null,[22m
[2m        "ownerId": "p1",[22m
[2m        "revealedTo": Array [],[22m
[2m        "summoningSick": false,[22m
[2m      },[22m
[2m      "p1__deck__3": Object {[22m
[2m        "appliedContinuousEffectIds": Array [],[22m
[32m-       "cardDefinitionId": "character-3557",[39m
[31m+       "cardDefinitionId": "character-3353",[39m
[2m        "controllerId": "p1",[22m
[2m        "currentZone": "deck",[22m
[2m        "donAttached": Array [],[22m
[2m        "faceState": "faceDown",[22m
[2m        "instanceId": "p1__deck__3",[22m
[2m        "oncePerTurnUsed": Array [],[22m
[2m        "orientation": null,[22m
[2m        "ownerId": "p1",[22m
[2m        "revealedTo": Array [],[22m
[2m        "summoningSick": false,[22m
[2m      },[22m
[2m      "p1__deck__30": Object {[22m
[2m        "appliedContinuousEffectIds": Array [],[22m
[32m-       "cardDefinitionId": "character-3611",[39m
[31m+       "cardDefinitionId": "character-3407",[39m
[2m        "controllerId": "p1",[22m
[2m        "currentZone": "deck",[22m
[2m        "donAttached": Array [],[22m
[2m        "faceState": "faceDown",[22m
[2m        "instanceId": "p1__deck__30",[22m
[2m        "oncePerTurnUsed": Array [],[22m
[2m        "orientation": null,[22m
[2m        "ownerId": "p1",[22m
[2m        "revealedTo": Array [],[22m
[2m        "summoningSick": false,[22m
[2m      },[22m
[2m      "p1__deck__31": Object {[22m
[2m        "appliedContinuousEffectIds": Array [],[22m
[32m-       "cardDefinitionId": "character-3613",[39m
[31m+       "cardDefinitionId": "character-3409",[39m
[2m        "controllerId": "p1",[22m
[2m        "currentZone": "deck",[22m
[2m        "donAttached": Array [],[22m
[2m        "faceState": "faceDown",[22m
[2m        "instanceId": "p1__deck__31",[22m
[2m        "oncePerTurnUsed": Array [],[22m
[2m        "orientation": null,[22m
[2m        "ownerId": "p1",[22m
[2m        "revealedTo": Array [],[22m
[2m        "summoningSick": false,[22m
[2m      },[22m
[2m      "p1__deck__32": Object {[22m
[2m        "appliedContinuousEffectIds": Array [],[22m
[32m-       "cardDefinitionId": "character-3615",[39m
[31m+       "cardDefinitionId": "character-3411",[39m
[2m        "controllerId": "p1",[22m
[2m        "currentZone": "lifeArea",[22m
[2m        "donAttached": Array [],[22m
[2m        "faceState": "faceDown",[22m
[2m        "instanceId": "p1__deck__32",[22m
[2m        "oncePerTurnUsed": Array [],[22m
[2m        "orientation": null,[22m
[2m        "ownerId": "p1",[22m
[2m        "revealedTo": Array [],[22m
[2m        "summoningSick": false,[22m
[2m      },[22m
[2m      "p1__deck__33": Object {[22m
[2m        "appliedContinuousEffectIds": Array [],[22m
[32m-       "cardDefinitionId": "character-3617",[39m
[31m+       "cardDefinitionId": "character-3413",[39m
[2m        "controllerId": "p1",[22m
[2m        "currentZone": "deck",[22m
[2m        "donAttached": Array [],[22m
[2m        "faceState": "faceDown",[22m
[2m        "instanceId": "p1__deck__33",[22m
[2m        "oncePerTurnUsed": Array [],[22m
[2m        "orientation": null,[22m
[2m        "ownerId": "p1",[22m
[2m        "revealedTo": Array [],[22m
[2m        "summoningSick": false,[22m
[2m      },[22m
[2m      "p1__deck__34": Object {[22m
[2m        "appliedContinuousEffectIds": Array [],[22m
[32m-       "cardDefinitionId": "character-3619",[39m
[31m+       "cardDefinitionId": "character-3415",[39m
[2m        "controllerId": "p1",[22m
[2m        "currentZone": "deck",[22m
[2m        "donAttached": Array [],[22m
[2m        "faceState": "faceDown",[22m
[2m        "instanceId": "p1__deck__34",[22m
[2m        "oncePerTurnUsed": Array [],[22m
[2m        "orientation": null,[22m
[2m        "ownerId": "p1",[22m
[2m        "revealedTo": Array [],[22m
[2m        "summoningSick": false,[22m
[2m      },[22m
[2m      "p1__deck__35": Object {[22m
[2m        "appliedContinuousEffectIds": Array [],[22m
[32m-       "cardDefinitionId": "character-3621",[39m
[31m+       "cardDefinitionId": "character-3417",[39m
[2m        "controllerId": "p1",[22m
[2m        "currentZone": "deck",[22m
[2m        "donAttached": Array [],[22m
[2m        "faceState": "faceDown",[22m
[2m        "instanceId": "p1__deck__35",[22m
[2m        "oncePerTurnUsed": Array [],[22m
[2m        "orientation": null,[22m
[2m        "ownerId": "p1",[22m
[2m        "revealedTo": Array [],[22m
[2m        "summoningSick": false,[22m
[2m      },[22m
[2m      "p1__deck__36": Object {[22m
[2m        "appliedContinuousEffectIds": Array [],[22m
[32m-       "cardDefinitionId": "character-3623",[39m
[31m+       "cardDefinitionId": "character-3419",[39m
[2m        "controllerId": "p1",[22m
[2m        "currentZone": "deck",[22m
[2m        "donAttached": Array [],[22m
[2m        "faceState": "faceDown",[22m
[2m        "instanceId": "p1__deck__36",[22m
[2m        "oncePerTurnUsed": Array [],[22m
[2m        "orientation": null,[22m
[2m        "ownerId": "p1",[22m
[2m        "revealedTo": Array [],[22m
[2m        "summoningSick": false,[22m
[2m      },[22m
[2m      "p1__deck__37": Object {[22m
[2m        "appliedContinuousEffectIds": Array [],[22m
[32m-       "cardDefinitionId": "character-3625",[39m
[31m+       "cardDefinitionId": "character-3421",[39m
[2m        "controllerId": "p1",[22m
[2m        "currentZone": "deck",[22m
[2m        "donAttached": Array [],[22m
[2m        "faceState": "faceDown",[22m
[2m        "instanceId": "p1__deck__37",[22m
[2m        "oncePerTurnUsed": Array [],[22m
[2m        "orientation": null,[22m
[2m        "ownerId": "p1",[22m
[2m        "revealedTo": Array [],[22m
[2m        "summoningSick": false,[22m
[2m      },[22m
[2m      "p1__deck__38": Object {[22m
[2m        "appliedContinuousEffectIds": Array [],[22m
[32m-       "cardDefinitionId": "character-3627",[39m
[31m+       "cardDefinitionId": "character-3423",[39m
[2m        "controllerId": "p1",[22m
[2m        "currentZone": "deck",[22m
[2m        "donAttached": Array [],[22m
[2m        "faceState": "faceDown",[22m
[2m        "instanceId": "p1__deck__38",[22m
[2m        "oncePerTurnUsed": Array [],[22m
[2m        "orientation": null,[22m
[2m        "ownerId": "p1",[22m
[2m        "revealedTo": Array [],[22m
[2m        "summoningSick": false,[22m
[2m      },[22m
[2m      "p1__deck__39": Object {[22m
[2m        "appliedContinuousEffectIds": Array [],[22m
[32m-       "cardDefinitionId": "character-3629",[39m
[31m+       "cardDefinitionId": "character-3425",[39m
[2m        "controllerId": "p1",[22m
[2m        "currentZone": "hand",[22m
[2m        "donAttached": Array [],[22m
[2m        "faceState": "faceDown",[22m
[2m        "instanceId": "p1__deck__39",[22m
[2m        "oncePerTurnUsed": Array [],[22m
[2m        "orientation": null,[22m
[2m        "ownerId": "p1",[22m
[2m        "revealedTo": Array [],[22m
[2m        "summoningSick": false,[22m
[2m      },[22m
[2m      "p1__deck__4": Object {[22m
[2m        "appliedContinuousEffectIds": Array [],[22m
[32m-       "cardDefinitionId": "character-3559",[39m
[31m+       "cardDefinitionId": "character-3355",[39m
[2m        "controllerId": "p1",[22m
[2m        "currentZone": "deck",[22m
[2m        "donAttached": Array [],[22m
[2m        "faceState": "faceDown",[22m
[2m        "instanceId": "p1__deck__4",[22m
[2m        "oncePerTurnUsed": Array [],[22m
[2m        "orientation": null,[22m
[2m        "ownerId": "p1",[22m
[2m        "revealedTo": Array [],[22m
[2m        "summoningSick": false,[22m
[2m      },[22m
[2m      "p1__deck__40": Object {[22m
[2m        "appliedContinuousEffectIds": Array [],[22m
[32m-       "cardDefinitionId": "character-3631",[39m
[31m+       "cardDefinitionId": "character-3427",[39m
[2m        "controllerId": "p1",[22m
[2m        "currentZone": "deck",[22m
[2m        "donAttached": Array [],[22m
[2m        "faceState": "faceDown",[22m
[2m        "instanceId": "p1__deck__40",[22m
[2m        "oncePerTurnUsed": Array [],[22m
[2m        "orientation": null,[22m
[2m        "ownerId": "p1",[22m
[2m        "revealedTo": Array [],[22m
[2m        "summoningSick": false,[22m
[2m      },[22m
[2m      "p1__deck__41": Object {[22m
[2m        "appliedContinuousEffectIds": Array [],[22m
[32m-       "cardDefinitionId": "character-3633",[39m
[31m+       "cardDefinitionId": "character-3429",[39m
[2m        "controllerId": "p1",[22m
[2m        "currentZone": "deck",[22m
[2m        "donAttached": Array [],[22m
[2m        "faceState": "faceDown",[22m
[2m        "instanceId": "p1__deck__41",[22m
[2m        "oncePerTurnUsed": Array [],[22m
[2m        "orientation": null,[22m
[2m        "ownerId": "p1",[22m
[2m        "revealedTo": Array [],[22m
[2m        "summoningSick": false,[22m
[2m      },[22m
[2m      "p1__deck__42": Object {[22m
[2m        "appliedContinuousEffectIds": Array [],[22m
[32m-       "cardDefinitionId": "character-3635",[39m
[31m+       "cardDefinitionId": "character-3431",[39m
[2m        "controllerId": "p1",[22m
[2m        "currentZone": "deck",[22m
[2m        "donAttached": Array [],[22m
[2m        "faceState": "faceDown",[22m
[2m        "instanceId": "p1__deck__42",[22m
[2m        "oncePerTurnUsed": Array [],[22m
[2m        "orientation": null,[22m
[2m        "ownerId": "p1",[22m
[2m        "revealedTo": Array [],[22m
[2m        "summoningSick": false,[22m
[2m      },[22m
[2m      "p1__deck__43": Object {[22m
[2m        "appliedContinuousEffectIds": Array [],[22m
[32m-       "cardDefinitionId": "character-3637",[39m
[31m+       "cardDefinitionId": "character-3433",[39m
[2m        "controllerId": "p1",[22m
[2m        "currentZone": "lifeArea",[22m
[2m        "donAttached": Array [],[22m
[2m        "faceState": "faceDown",[22m
[2m        "instanceId": "p1__deck__43",[22m
[2m        "oncePerTurnUsed": Array [],[22m
[2m        "orientation": null,[22m
[2m        "ownerId": "p1",[22m
[2m        "revealedTo": Array [],[22m
[2m        "summoningSick": false,[22m
[2m      },[22m
[2m      "p1__deck__44": Object {[22m
[2m        "appliedContinuousEffectIds": Array [],[22m
[32m-       "cardDefinitionId": "character-3639",[39m
[31m+       "cardDefinitionId": "character-3435",[39m
[2m        "controllerId": "p1",[22m
[2m        "currentZone": "deck",[22m
[2m        "donAttached": Array [],[22m
[2m        "faceState": "faceDown",[22m
[2m        "instanceId": "p1__deck__44",[22m
[2m        "oncePerTurnUsed": Array [],[22m
[2m        "orientation": null,[22m
[2m        "ownerId": "p1",[22m
[2m        "revealedTo": Array [],[22m
[2m        "summoningSick": false,[22m
[2m      },[22m
[2m      "p1__deck__45": Object {[22m
[2m        "appliedContinuousEffectIds": Array [],[22m
[32m-       "cardDefinitionId": "character-3641",[39m
[31m+       "cardDefinitionId": "character-3437",[39m
[2m        "controllerId": "p1",[22m
[2m        "currentZone": "deck",[22m
[2m        "donAttached": Array [],[22m
[2m        "faceState": "faceDown",[22m
[2m        "instanceId": "p1__deck__45",[22m
[2m        "oncePerTurnUsed": Array [],[22m
[2m        "orientation": null,[22m
[2m        "ownerId": "p1",[22m
[2m        "revealedTo": Array [],[22m
[2m        "summoningSick": false,[22m
[2m      },[22m
[2m      "p1__deck__46": Object {[22m
[2m        "appliedContinuousEffectIds": Array [],[22m
[32m-       "cardDefinitionId": "character-3643",[39m
[31m+       "cardDefinitionId": "character-3439",[39m
[2m        "controllerId": "p1",[22m
[2m        "currentZone": "lifeArea",[22m
[2m        "donAttached": Array [],[22m
[2m        "faceState": "faceDown",[22m
[2m        "instanceId": "p1__deck__46",[22m
[2m        "oncePerTurnUsed": Array [],[22m
[2m        "orientation": null,[22m
[2m        "ownerId": "p1",[22m
[2m        "revealedTo": Array [],[22m
[2m        "summoningSick": false,[22m
[2m      },[22m
[2m      "p1__deck__47": Object {[22m
[2m        "appliedContinuousEffectIds": Array [],[22m
[32m-       "cardDefinitionId": "character-3645",[39m
[31m+       "cardDefinitionId": "character-3441",[39m
[2m        "controllerId": "p1",[22m
[2m        "currentZone": "deck",[22m
[2m        "donAttached": Array [],[22m
[2m        "faceState": "faceDown",[22m
[2m        "instanceId": "p1__deck__47",[22m
[2m        "oncePerTurnUsed": Array [],[22m
[2m        "orientation": null,[22m
[2m        "ownerId": "p1",[22m
[2m        "revealedTo": Array [],[22m
[2m        "summoningSick": false,[22m
[2m      },[22m
[2m      "p1__deck__48": Object {[22m
[2m        "appliedContinuousEffectIds": Array [],[22m
[32m-       "cardDefinitionId": "character-3647",[39m
[31m+       "cardDefinitionId": "character-3443",[39m
[2m        "controllerId": "p1",[22m
[2m        "currentZone": "deck",[22m
[2m        "donAttached": Array [],[22m
[2m        "faceState": "faceDown",[22m
[2m        "instanceId": "p1__deck__48",[22m
[2m        "oncePerTurnUsed": Array [],[22m
[2m        "orientation": null,[22m
[2m        "ownerId": "p1",[22m
[2m        "revealedTo": Array [],[22m
[2m        "summoningSick": false,[22m
[2m      },[22m
[2m      "p1__deck__49": Object {[22m
[2m        "appliedContinuousEffectIds": Array [],[22m
[32m-       "cardDefinitionId": "character-3649",[39m
[31m+       "cardDefinitionId": "character-3445",[39m
[2m        "controllerId": "p1",[22m
[2m        "currentZone": "deck",[22m
[2m        "donAttached": Array [],[22m
[2m        "faceState": "faceDown",[22m
[2m        "instanceId": "p1__deck__49",[22m
[2m        "oncePerTurnUsed": Array [],[22m
[2m        "orientation": null,[22m
[2m        "ownerId": "p1",[22m
[2m        "revealedTo": Array [],[22m
[2m        "summoningSick": false,[22m
[2m      },[22m
[2m      "p1__deck__5": Object {[22m
[2m        "appliedContinuousEffectIds": Array [],[22m
[32m-       "cardDefinitionId": "character-3561",[39m
[31m+       "cardDefinitionId": "character-3357",[39m
[2m        "controllerId": "p1",[22m
[2m        "currentZone": "deck",[22m
[2m        "donAttached": Array [],[22m
[2m        "faceState": "faceDown",[22m
[2m        "instanceId": "p1__deck__5",[22m
[2m        "oncePerTurnUsed": Array [],[22m
[2m        "orientation": null,[22m
[2m        "ownerId": "p1",[22m
[2m        "revealedTo": Array [],[22m
[2m        "summoningSick": false,[22m
[2m      },[22m
[2m      "p1__deck__6": Object {[22m
[2m        "appliedContinuousEffectIds": Array [],[22m
[32m-       "cardDefinitionId": "character-3563",[39m
[31m+       "cardDefinitionId": "character-3359",[39m
[2m        "controllerId": "p1",[22m
[2m        "currentZone": "hand",[22m
[2m        "donAttached": Array [],[22m
[2m        "faceState": "faceDown",[22m
[2m        "instanceId": "p1__deck__6",[22m
[2m        "oncePerTurnUsed": Array [],[22m
[2m        "orientation": null,[22m
[2m        "ownerId": "p1",[22m
[2m        "revealedTo": Array [],[22m
[2m        "summoningSick": false,[22m
[2m      },[22m
[2m      "p1__deck__7": Object {[22m
[2m        "appliedContinuousEffectIds": Array [],[22m
[32m-       "cardDefinitionId": "character-3565",[39m
[31m+       "cardDefinitionId": "character-3361",[39m
[2m        "controllerId": "p1",[22m
[2m        "currentZone": "deck",[22m
[2m        "donAttached": Array [],[22m
[2m        "faceState": "faceDown",[22m
[2m        "instanceId": "p1__deck__7",[22m
[2m        "oncePerTurnUsed": Array [],[22m
[2m        "orientation": null,[22m
[2m        "ownerId": "p1",[22m
[2m        "revealedTo": Array [],[22m
[2m        "summoningSick": false,[22m
[2m      },[22m
[2m      "p1__deck__8": Object {[22m
[2m        "appliedContinuousEffectIds": Array [],[22m
[32m-       "cardDefinitionId": "character-3567",[39m
[31m+       "cardDefinitionId": "character-3363",[39m
[2m        "controllerId": "p1",[22m
[2m        "currentZone": "deck",[22m
[2m        "donAttached": Array [],[22m
[2m        "faceState": "faceDown",[22m
[2m        "instanceId": "p1__deck__8",[22m
[2m        "oncePerTurnUsed": Array [],[22m
[2m        "orientation": null,[22m
[2m        "ownerId": "p1",[22m
[2m        "revealedTo": Array [],[22m
[2m        "summoningSick": false,[22m
[2m      },[22m
[2m      "p1__deck__9": Object {[22m
[2m        "appliedContinuousEffectIds": Array [],[22m
[32m-       "cardDefinitionId": "character-3569",[39m
[31m+       "cardDefinitionId": "character-3365",[39m
[2m        "controllerId": "p1",[22m
[2m        "currentZone": "deck",[22m
[2m        "donAttached": Array [],[22m
[2m        "faceState": "faceDown",[22m
[2m        "instanceId": "p1__deck__9",[22m
[2m        "oncePerTurnUsed": Array [],[22m
[2m        "orientation": null,[22m
[2m        "ownerId": "p1",[22m
[2m        "revealedTo": Array [],[22m
[2m        "summoningSick": false,[22m
[2m      },[22m
[2m      "p1__don__0": Object {[22m
[2m        "appliedContinuousEffectIds": Array [],[22m
[2m        "cardDefinitionId": "DON-CARD",[22m
[2m        "controllerId": "p1",[22m
[2m        "currentZone": "donDeck",[22m
[2m        "donAttached": Array [],[22m
[2m        "faceState": "faceDown",[22m
[2m        "instanceId": "p1__don__0",[22m
[2m        "oncePerTurnUsed": Array [],[22m
[2m        "orientation": null,[22m
[2m        "ownerId": "p1",[22m
[2m        "revealedTo": "all",[22m
[2m        "summoningSick": false,[22m
[2m      },[22m
[2m      "p1__don__1": Object {[22m
[2m        "appliedContinuousEffectIds": Array [],[22m
[2m        "cardDefinitionId": "DON-CARD",[22m
[2m        "controllerId": "p1",[22m
[2m        "currentZone": "donDeck",[22m
[2m        "donAttached": Array [],[22m
[2m        "faceState": "faceDown",[22m
[2m        "instanceId": "p1__don__1",[22m
[2m        "oncePerTurnUsed": Array [],[22m
[2m        "orientation": null,[22m
[2m        "ownerId": "p1",[22m
[2m        "revealedTo": "all",[22m
[2m        "summoningSick": false,[22m
[2m      },[22m
[2m      "p1__don__2": Object {[22m
[2m        "appliedContinuousEffectIds": Array [],[22m
[2m        "cardDefinitionId": "DON-CARD",[22m
[2m        "controllerId": "p1",[22m
[2m        "currentZone": "donDeck",[22m
[2m        "donAttached": Array [],[22m
[2m        "faceState": "faceDown",[22m
[2m        "instanceId": "p1__don__2",[22m
[2m        "oncePerTurnUsed": Array [],[22m
[2m        "orientation": null,[22m
[2m        "ownerId": "p1",[22m
[2m        "revealedTo": "all",[22m
[2m        "summoningSick": false,[22m
[2m      },[22m
[2m      "p1__don__3": Object {[22m
[2m        "appliedContinuousEffectIds": Array [],[22m
[2m        "cardDefinitionId": "DON-CARD",[22m
[2m        "controllerId": "p1",[22m
[2m        "currentZone": "donDeck",[22m
[2m        "donAttached": Array [],[22m
[2m        "faceState": "faceDown",[22m
[2m        "instanceId": "p1__don__3",[22m
[2m        "oncePerTurnUsed": Array [],[22m
[2m        "orientation": null,[22m
[2m        "ownerId": "p1",[22m
[2m        "revealedTo": "all",[22m
[2m        "summoningSick": false,[22m
[2m      },[22m
[2m      "p1__don__4": Object {[22m
[2m        "appliedContinuousEffectIds": Array [],[22m
[2m        "cardDefinitionId": "DON-CARD",[22m
[2m        "controllerId": "p1",[22m
[2m        "currentZone": "donDeck",[22m
[2m        "donAttached": Array [],[22m
[2m        "faceState": "faceDown",[22m
[2m        "instanceId": "p1__don__4",[22m
[2m        "oncePerTurnUsed": Array [],[22m
[2m        "orientation": null,[22m
[2m        "ownerId": "p1",[22m
[2m        "revealedTo": "all",[22m
[2m        "summoningSick": false,[22m
[2m      },[22m
[2m      "p1__don__5": Object {[22m
[2m        "appliedContinuousEffectIds": Array [],[22m
[2m        "cardDefinitionId": "DON-CARD",[22m
[2m        "controllerId": "p1",[22m
[2m        "currentZone": "donDeck",[22m
[2m        "donAttached": Array [],[22m
[2m        "faceState": "faceDown",[22m
[2m        "instanceId": "p1__don__5",[22m
[2m        "oncePerTurnUsed": Array [],[22m
[2m        "orientation": null,[22m
[2m        "ownerId": "p1",[22m
[2m        "revealedTo": "all",[22m
[2m        "summoningSick": false,[22m
[2m      },[22m
[2m      "p1__don__6": Object {[22m
[2m        "appliedContinuousEffectIds": Array [],[22m
[2m        "cardDefinitionId": "DON-CARD",[22m
[2m        "controllerId": "p1",[22m
[2m        "currentZone": "donDeck",[22m
[2m        "donAttached": Array [],[22m
[2m        "faceState": "faceDown",[22m
[2m        "instanceId": "p1__don__6",[22m
[2m        "oncePerTurnUsed": Array [],[22m
[2m        "orientation": null,[22m
[2m        "ownerId": "p1",[22m
[2m        "revealedTo": "all",[22m
[2m        "summoningSick": false,[22m
[2m      },[22m
[2m      "p1__don__7": Object {[22m
[2m        "appliedContinuousEffectIds": Array [],[22m
[2m        "cardDefinitionId": "DON-CARD",[22m
[2m        "controllerId": "p1",[22m
[2m        "currentZone": "donDeck",[22m
[2m        "donAttached": Array [],[22m
[2m        "faceState": "faceDown",[22m
[2m        "instanceId": "p1__don__7",[22m
[2m        "oncePerTurnUsed": Array [],[22m
[2m        "orientation": null,[22m
[2m        "ownerId": "p1",[22m
[2m        "revealedTo": "all",[22m
[2m        "summoningSick": false,[22m
[2m      },[22m
[2m      "p1__don__8": Object {[22m
[2m        "appliedContinuousEffectIds": Array [],[22m
[2m        "cardDefinitionId": "DON-CARD",[22m
[2m        "controllerId": "p1",[22m
[2m        "currentZone": "donDeck",[22m
[2m        "donAttached": Array [],[22m
[2m        "faceState": "faceDown",[22m
[2m        "instanceId": "p1__don__8",[22m
[2m        "oncePerTurnUsed": Array [],[22m
[2m        "orientation": null,[22m
[2m        "ownerId": "p1",[22m
[2m        "revealedTo": "all",[22m
[2m        "summoningSick": false,[22m
[2m      },[22m
[2m      "p1__don__9": Object {[22m
[2m        "appliedContinuousEffectIds": Array [],[22m
[2m        "cardDefinitionId": "DON-CARD",[22m
[2m        "controllerId": "p1",[22m
[2m        "currentZone": "donDeck",[22m
[2m        "donAttached": Array [],[22m
[2m        "faceState": "faceDown",[22m
[2m        "instanceId": "p1__don__9",[22m
[2m        "oncePerTurnUsed": Array [],[22m
[2m        "orientation": null,[22m
[2m        "ownerId": "p1",[22m
[2m        "revealedTo": "all",[22m
[2m        "summoningSick": false,[22m
[2m      },[22m
[2m      "p1__leader": Object {[22m
[2m        "appliedContinuousEffectIds": Array [],[22m
[32m-       "cardDefinitionId": "leader-3549",[39m
[31m+       "cardDefinitionId": "leader-3345",[39m
[2m        "controllerId": "p1",[22m
[2m        "currentPower": 5000,[22m
[2m        "currentZone": "leaderArea",[22m
[2m        "donAttached": Array [],[22m
[2m        "faceState": "faceUp",[22m
[2m        "instanceId": "p1__leader",[22m
[2m        "oncePerTurnUsed": Array [],[22m
[2m        "orientation": "active",[22m
[2m        "ownerId": "p1",[22m
[2m        "revealedTo": "all",[22m
[2m        "summoningSick": false,[22m
[2m      },[22m
[2m      "p2__deck__0": Object {[22m
[2m        "appliedContinuousEffectIds": Array [],[22m
[32m-       "cardDefinitionId": "character-3653",[39m
[31m+       "cardDefinitionId": "character-3449",[39m
[2m        "controllerId": "p2",[22m
[2m        "currentZone": "deck",[22m
[2m        "donAttached": Array [],[22m
[2m        "faceState": "faceDown",[22m
[2m        "instanceId": "p2__deck__0",[22m
[2m        "oncePerTurnUsed": Array [],[22m
[2m        "orientation": null,[22m
[2m        "ownerId": "p2",[22m
[2m        "revealedTo": Array [],[22m
[2m        "summoningSick": false,[22m
[2m      },[22m
[2m      "p2__deck__1": Object {[22m
[2m        "appliedContinuousEffectIds": Array [],[22m
[32m-       "cardDefinitionId": "character-3655",[39m
[31m+       "cardDefinitionId": "character-3451",[39m
[2m        "controllerId": "p2",[22m
[2m        "currentZone": "deck",[22m
[2m        "donAttached": Array [],[22m
[2m        "faceState": "faceDown",[22m
[2m        "instanceId": "p2__deck__1",[22m
[2m        "oncePerTurnUsed": Array [],[22m
[2m        "orientation": null,[22m
[2m        "ownerId": "p2",[22m
[2m        "revealedTo": Array [],[22m
[2m        "summoningSick": false,[22m
[2m      },[22m
[2m      "p2__deck__10": Object {[22m
[2m        "appliedContinuousEffectIds": Array [],[22m
[32m-       "cardDefinitionId": "character-3673",[39m
[31m+       "cardDefinitionId": "character-3469",[39m
[2m        "controllerId": "p2",[22m
[2m        "currentZone": "deck",[22m
[2m        "donAttached": Array [],[22m
[2m        "faceState": "faceDown",[22m
[2m        "instanceId": "p2__deck__10",[22m
[2m        "oncePerTurnUsed": Array [],[22m
[2m        "orientation": null,[22m
[2m        "ownerId": "p2",[22m
[2m        "revealedTo": Array [],[22m
[2m        "summoningSick": false,[22m
[2m      },[22m
[2m      "p2__deck__11": Object {[22m
[2m        "appliedContinuousEffectIds": Array [],[22m
[32m-       "cardDefinitionId": "character-3675",[39m
[31m+       "cardDefinitionId": "character-3471",[39m
[2m        "controllerId": "p2",[22m
[2m        "currentZone": "deck",[22m
[2m        "donAttached": Array [],[22m
[2m        "faceState": "faceDown",[22m
[2m        "instanceId": "p2__deck__11",[22m
[2m        "oncePerTurnUsed": Array [],[22m
[2m        "orientation": null,[22m
[2m        "ownerId": "p2",[22m
[2m        "revealedTo": Array [],[22m
[2m        "summoningSick": false,[22m
[2m      },[22m
[2m      "p2__deck__12": Object {[22m
[2m        "appliedContinuousEffectIds": Array [],[22m
[32m-       "cardDefinitionId": "character-3677",[39m
[31m+       "cardDefinitionId": "character-3473",[39m
[2m        "controllerId": "p2",[22m
[2m        "currentZone": "deck",[22m
[2m        "donAttached": Array [],[22m
[2m        "faceState": "faceDown",[22m
[2m        "instanceId": "p2__deck__12",[22m
[2m        "oncePerTurnUsed": Array [],[22m
[2m        "orientation": null,[22m
[2m        "ownerId": "p2",[22m
[2m        "revealedTo": Array [],[22m
[2m        "summoningSick": false,[22m
[2m      },[22m
[2m      "p2__deck__13": Object {[22m
[2m        "appliedContinuousEffectIds": Array [],[22m
[32m-       "cardDefinitionId": "character-3679",[39m
[31m+       "cardDefinitionId": "character-3475",[39m
[2m        "controllerId": "p2",[22m
[2m        "currentZone": "deck",[22m
[2m        "donAttached": Array [],[22m
[2m        "faceState": "faceDown",[22m
[2m        "instanceId": "p2__deck__13",[22m
[2m        "oncePerTurnUsed": Array [],[22m
[2m        "orientation": null,[22m
[2m        "ownerId": "p2",[22m
[2m        "revealedTo": Array [],[22m
[2m        "summoningSick": false,[22m
[2m      },[22m
[2m      "p2__deck__14": Object {[22m
[2m        "appliedContinuousEffectIds": Array [],[22m
[32m-       "cardDefinitionId": "character-3681",[39m
[31m+       "cardDefinitionId": "character-3477",[39m
[2m        "controllerId": "p2",[22m
[2m        "currentZone": "deck",[22m
[2m        "donAttached": Array [],[22m
[2m        "faceState": "faceDown",[22m
[2m        "instanceId": "p2__deck__14",[22m
[2m        "oncePerTurnUsed": Array [],[22m
[2m        "orientation": null,[22m
[2m        "ownerId": "p2",[22m
[2m        "revealedTo": Array [],[22m
[2m        "summoningSick": false,[22m
[2m      },[22m
[2m      "p2__deck__15": Object {[22m
[2m        "appliedContinuousEffectIds": Array [],[22m
[32m-       "cardDefinitionId": "character-3683",[39m
[31m+       "cardDefinitionId": "character-3479",[39m
[2m        "controllerId": "p2",[22m
[2m        "currentZone": "deck",[22m
[2m        "donAttached": Array [],[22m
[2m        "faceState": "faceDown",[22m
[2m        "instanceId": "p2__deck__15",[22m
[2m        "oncePerTurnUsed": Array [],[22m
[2m        "orientation": null,[22m
[2m        "ownerId": "p2",[22m
[2m        "revealedTo": Array [],[22m
[2m        "summoningSick": false,[22m
[2m      },[22m
[2m      "p2__deck__16": Object {[22m
[2m        "appliedContinuousEffectIds": Array [],[22m
[32m-       "cardDefinitionId": "character-3685",[39m
[31m+       "cardDefinitionId": "character-3481",[39m
[2m        "controllerId": "p2",[22m
[2m        "currentZone": "deck",[22m
[2m        "donAttached": Array [],[22m
[2m        "faceState": "faceDown",[22m
[2m        "instanceId": "p2__deck__16",[22m
[2m        "oncePerTurnUsed": Array [],[22m
[2m        "orientation": null,[22m
[2m        "ownerId": "p2",[22m
[2m        "revealedTo": Array [],[22m
[2m        "summoningSick": false,[22m
[2m      },[22m
[2m      "p2__deck__17": Object {[22m
[2m        "appliedContinuousEffectIds": Array [],[22m
[32m-       "cardDefinitionId": "character-3687",[39m
[31m+       "cardDefinitionId": "character-3483",[39m
[2m        "controllerId": "p2",[22m
[2m        "currentZone": "deck",[22m
[2m        "donAttached": Array [],[22m
[2m        "faceState": "faceDown",[22m
[2m        "instanceId": "p2__deck__17",[22m
[2m        "oncePerTurnUsed": Array [],[22m
[2m        "orientation": null,[22m
[2m        "ownerId": "p2",[22m
[2m        "revealedTo": Array [],[22m
[2m        "summoningSick": false,[22m
[2m      },[22m
[2m      "p2__deck__18": Object {[22m
[2m        "appliedContinuousEffectIds": Array [],[22m
[32m-       "cardDefinitionId": "character-3689",[39m
[31m+       "cardDefinitionId": "character-3485",[39m
[2m        "controllerId": "p2",[22m
[2m        "currentZone": "hand",[22m
[2m        "donAttached": Array [],[22m
[2m        "faceState": "faceDown",[22m
[2m        "instanceId": "p2__deck__18",[22m
[2m        "oncePerTurnUsed": Array [],[22m
[2m        "orientation": null,[22m
[2m        "ownerId": "p2",[22m
[2m        "revealedTo": Array [],[22m
[2m        "summoningSick": false,[22m
[2m      },[22m
[2m      "p2__deck__19": Object {[22m
[2m        "appliedContinuousEffectIds": Array [],[22m
[32m-       "cardDefinitionId": "character-3691",[39m
[31m+       "cardDefinitionId": "character-3487",[39m
[2m        "controllerId": "p2",[22m
[2m        "currentZone": "deck",[22m
[2m        "donAttached": Array [],[22m
[2m        "faceState": "faceDown",[22m
[2m        "instanceId": "p2__deck__19",[22m
[2m        "oncePerTurnUsed": Array [],[22m
[2m        "orientation": null,[22m
[2m        "ownerId": "p2",[22m
[2m        "revealedTo": Array [],[22m
[2m        "summoningSick": false,[22m
[2m      },[22m
[2m      "p2__deck__2": Object {[22m
[2m        "appliedContinuousEffectIds": Array [],[22m
[32m-       "cardDefinitionId": "character-3657",[39m
[31m+       "cardDefinitionId": "character-3453",[39m
[2m        "controllerId": "p2",[22m
[2m        "currentZone": "deck",[22m
[2m        "donAttached": Array [],[22m
[2m        "faceState": "faceDown",[22m
[2m        "instanceId": "p2__deck__2",[22m
[2m        "oncePerTurnUsed": Array [],[22m
[2m        "orientation": null,[22m
[2m        "ownerId": "p2",[22m
[2m        "revealedTo": Array [],[22m
[2m        "summoningSick": false,[22m
[2m      },[22m
[2m      "p2__deck__20": Object {[22m
[2m        "appliedContinuousEffectIds": Array [],[22m
[32m-       "cardDefinitionId": "character-3693",[39m
[31m+       "cardDefinitionId": "character-3489",[39m
[2m        "controllerId": "p2",[22m
[2m        "currentZone": "deck",[22m
[2m        "donAttached": Array [],[22m
[2m        "faceState": "faceDown",[22m
[2m        "instanceId": "p2__deck__20",[22m
[2m        "oncePerTurnUsed": Array [],[22m
[2m        "orientation": null,[22m
[2m        "ownerId": "p2",[22m
[2m        "revealedTo": Array [],[22m
[2m        "summoningSick": false,[22m
[2m      },[22m
[2m      "p2__deck__21": Object {[22m
[2m        "appliedContinuousEffectIds": Array [],[22m
[32m-       "cardDefinitionId": "character-3695",[39m
[31m+       "cardDefinitionId": "character-3491",[39m
[2m        "controllerId": "p2",[22m
[2m        "currentZone": "hand",[22m
[2m        "donAttached": Array [],[22m
[2m        "faceState": "faceDown",[22m
[2m        "instanceId": "p2__deck__21",[22m
[2m        "oncePerTurnUsed": Array [],[22m
[2m        "orientation": null,[22m
[2m        "ownerId": "p2",[22m
[2m        "revealedTo": Array [],[22m
[2m        "summoningSick": false,[22m
[2m      },[22m
[2m      "p2__deck__22": Object {[22m
[2m        "appliedContinuousEffectIds": Array [],[22m
[32m-       "cardDefinitionId": "character-3697",[39m
[31m+       "cardDefinitionId": "character-3493",[39m
[2m        "controllerId": "p2",[22m
[2m        "currentZone": "deck",[22m
[2m        "donAttached": Array [],[22m
[2m        "faceState": "faceDown",[22m
[2m        "instanceId": "p2__deck__22",[22m
[2m        "oncePerTurnUsed": Array [],[22m
[2m        "orientation": null,[22m
[2m        "ownerId": "p2",[22m
[2m        "revealedTo": Array [],[22m
[2m        "summoningSick": false,[22m
[2m      },[22m
[2m      "p2__deck__23": Object {[22m
[2m        "appliedContinuousEffectIds": Array [],[22m
[32m-       "cardDefinitionId": "character-3699",[39m
[31m+       "cardDefinitionId": "character-3495",[39m
[2m        "controllerId": "p2",[22m
[2m        "currentZone": "lifeArea",[22m
[2m        "donAttached": Array [],[22m
[2m        "faceState": "faceDown",[22m
[2m        "instanceId": "p2__deck__23",[22m
[2m        "oncePerTurnUsed": Array [],[22m
[2m        "orientation": null,[22m
[2m        "ownerId": "p2",[22m
[2m        "revealedTo": Array [],[22m
[2m        "summoningSick": false,[22m
[2m      },[22m
[2m      "p2__deck__24": Object {[22m
[2m        "appliedContinuousEffectIds": Array [],[22m
[32m-       "cardDefinitionId": "character-3701",[39m
[31m+       "cardDefinitionId": "character-3497",[39m
[2m        "controllerId": "p2",[22m
[2m        "currentZone": "deck",[22m
[2m        "donAttached": Array [],[22m
[2m        "faceState": "faceDown",[22m
[2m        "instanceId": "p2__deck__24",[22m
[2m        "oncePerTurnUsed": Array [],[22m
[2m        "orientation": null,[22m
[2m        "ownerId": "p2",[22m
[2m        "revealedTo": Array [],[22m
[2m        "summoningSick": false,[22m
[2m      },[22m
[2m      "p2__deck__25": Object {[22m
[2m        "appliedContinuousEffectIds": Array [],[22m
[32m-       "cardDefinitionId": "character-3703",[39m
[31m+       "cardDefinitionId": "character-3499",[39m
[2m        "controllerId": "p2",[22m
[2m        "currentZone": "deck",[22m
[2m        "donAttached": Array [],[22m
[2m        "faceState": "faceDown",[22m
[2m        "instanceId": "p2__deck__25",[22m
[2m        "oncePerTurnUsed": Array [],[22m
[2m        "orientation": null,[22m
[2m        "ownerId": "p2",[22m
[2m        "revealedTo": Array [],[22m
[2m        "summoningSick": false,[22m
[2m      },[22m
[2m      "p2__deck__26": Object {[22m
[2m        "appliedContinuousEffectIds": Array [],[22m
[32m-       "cardDefinitionId": "character-3705",[39m
[31m+       "cardDefinitionId": "character-3501",[39m
[2m        "controllerId": "p2",[22m
[2m        "currentZone": "deck",[22m
[2m        "donAttached": Array [],[22m
[2m        "faceState": "faceDown",[22m
[2m        "instanceId": "p2__deck__26",[22m
[2m        "oncePerTurnUsed": Array [],[22m
[2m        "orientation": null,[22m
[2m        "ownerId": "p2",[22m
[2m        "revealedTo": Array [],[22m
[2m        "summoningSick": false,[22m
[2m      },[22m
[2m      "p2__deck__27": Object {[22m
[2m        "appliedContinuousEffectIds": Array [],[22m
[32m-       "cardDefinitionId": "character-3707",[39m
[31m+       "cardDefinitionId": "character-3503",[39m
[2m        "controllerId": "p2",[22m
[2m        "currentZone": "deck",[22m
[2m        "donAttached": Array [],[22m
[2m        "faceState": "faceDown",[22m
[2m        "instanceId": "p2__deck__27",[22m
[2m        "oncePerTurnUsed": Array [],[22m
[2m        "orientation": null,[22m
[2m        "ownerId": "p2",[22m
[2m        "revealedTo": Array [],[22m
[2m        "summoningSick": false,[22m
[2m      },[22m
[2m      "p2__deck__28": Object {[22m
[2m        "appliedContinuousEffectIds": Array [],[22m
[32m-       "cardDefinitionId": "character-3709",[39m
[31m+       "cardDefinitionId": "character-3505",[39m
[2m        "controllerId": "p2",[22m
[2m        "currentZone": "deck",[22m
[2m        "donAttached": Array [],[22m
[2m        "faceState": "faceDown",[22m
[2m        "instanceId": "p2__deck__28",[22m
[2m        "oncePerTurnUsed": Array [],[22m
[2m        "orientation": null,[22m
[2m        "ownerId": "p2",[22m
[2m        "revealedTo": Array [],[22m
[2m        "summoningSick": false,[22m
[2m      },[22m
[2m      "p2__deck__29": Object {[22m
[2m        "appliedContinuousEffectIds": Array [],[22m
[32m-       "cardDefinitionId": "character-3711",[39m
[31m+       "cardDefinitionId": "character-3507",[39m
[2m        "controllerId": "p2",[22m
[2m        "currentZone": "deck",[22m
[2m        "donAttached": Array [],[22m
[2m        "faceState": "faceDown",[22m
[2m        "instanceId": "p2__deck__29",[22m
[2m        "oncePerTurnUsed": Array [],[22m
[2m        "orientation": null,[22m
[2m        "ownerId": "p2",[22m
[2m        "revealedTo": Array [],[22m
[2m        "summoningSick": false,[22m
[2m      },[22m
[2m      "p2__deck__3": Object {[22m
[2m        "appliedContinuousEffectIds": Array [],[22m
[32m-       "cardDefinitionId": "character-3659",[39m
[31m+       "cardDefinitionId": "character-3455",[39m
[2m        "controllerId": "p2",[22m
[2m        "currentZone": "deck",[22m
[2m        "donAttached": Array [],[22m
[2m        "faceState": "faceDown",[22m
[2m        "instanceId": "p2__deck__3",[22m
[2m        "oncePerTurnUsed": Array [],[22m
[2m        "orientation": null,[22m
[2m        "ownerId": "p2",[22m
[2m        "revealedTo": Array [],[22m
[2m        "summoningSick": false,[22m
[2m      },[22m
[2m      "p2__deck__30": Object {[22m
[2m        "appliedContinuousEffectIds": Array [],[22m
[32m-       "cardDefinitionId": "character-3713",[39m
[31m+       "cardDefinitionId": "character-3509",[39m
[2m        "controllerId": "p2",[22m
[2m        "currentZone": "hand",[22m
[2m        "donAttached": Array [],[22m
[2m        "faceState": "faceDown",[22m
[2m        "instanceId": "p2__deck__30",[22m
[2m        "oncePerTurnUsed": Array [],[22m
[2m        "orientation": null,[22m
[2m        "ownerId": "p2",[22m
[2m        "revealedTo": Array [],[22m
[2m        "summoningSick": false,[22m
[2m      },[22m
[2m      "p2__deck__31": Object {[22m
[2m        "appliedContinuousEffectIds": Array [],[22m
[32m-       "cardDefinitionId": "character-3715",[39m
[31m+       "cardDefinitionId": "character-3511",[39m
[2m        "controllerId": "p2",[22m
[2m        "currentZone": "deck",[22m
[2m        "donAttached": Array [],[22m
[2m        "faceState": "faceDown",[22m
[2m        "instanceId": "p2__deck__31",[22m
[2m        "oncePerTurnUsed": Array [],[22m
[2m        "orientation": null,[22m
[2m        "ownerId": "p2",[22m
[2m        "revealedTo": Array [],[22m
[2m        "summoningSick": false,[22m
[2m      },[22m
[2m      "p2__deck__32": Object {[22m
[2m        "appliedContinuousEffectIds": Array [],[22m
[32m-       "cardDefinitionId": "character-3717",[39m
[31m+       "cardDefinitionId": "character-3513",[39m
[2m        "controllerId": "p2",[22m
[2m        "currentZone": "deck",[22m
[2m        "donAttached": Array [],[22m
[2m        "faceState": "faceDown",[22m
[2m        "instanceId": "p2__deck__32",[22m
[2m        "oncePerTurnUsed": Array [],[22m
[2m        "orientation": null,[22m
[2m        "ownerId": "p2",[22m
[2m        "revealedTo": Array [],[22m
[2m        "summoningSick": false,[22m
[2m      },[22m
[2m      "p2__deck__33": Object {[22m
[2m        "appliedContinuousEffectIds": Array [],[22m
[32m-       "cardDefinitionId": "character-3719",[39m
[31m+       "cardDefinitionId": "character-3515",[39m
[2m        "controllerId": "p2",[22m
[2m        "currentZone": "hand",[22m
[2m        "donAttached": Array [],[22m
[2m        "faceState": "faceDown",[22m
[2m        "instanceId": "p2__deck__33",[22m
[2m        "oncePerTurnUsed": Array [],[22m
[2m        "orientation": null,[22m
[2m        "ownerId": "p2",[22m
[2m        "revealedTo": Array [],[22m
[2m        "summoningSick": false,[22m
[2m      },[22m
[2m      "p2__deck__34": Object {[22m
[2m        "appliedContinuousEffectIds": Array [],[22m
[32m-       "cardDefinitionId": "character-3721",[39m
[31m+       "cardDefinitionId": "character-3517",[39m
[2m        "controllerId": "p2",[22m
[2m        "currentZone": "deck",[22m
[2m        "donAttached": Array [],[22m
[2m        "faceState": "faceDown",[22m
[2m        "instanceId": "p2__deck__34",[22m
[2m        "oncePerTurnUsed": Array [],[22m
[2m        "orientation": null,[22m
[2m        "ownerId": "p2",[22m
[2m        "revealedTo": Array [],[22m
[2m        "summoningSick": false,[22m
[2m      },[22m
[2m      "p2__deck__35": Object {[22m
[2m        "appliedContinuousEffectIds": Array [],[22m
[32m-       "cardDefinitionId": "character-3723",[39m
[31m+       "cardDefinitionId": "character-3519",[39m
[2m        "controllerId": "p2",[22m
[2m        "currentZone": "deck",[22m
[2m        "donAttached": Array [],[22m
[2m        "faceState": "faceDown",[22m
[2m        "instanceId": "p2__deck__35",[22m
[2m        "oncePerTurnUsed": Array [],[22m
[2m        "orientation": null,[22m
[2m        "ownerId": "p2",[22m
[2m        "revealedTo": Array [],[22m
[2m        "summoningSick": false,[22m
[2m      },[22m
[2m      "p2__deck__36": Object {[22m
[2m        "appliedContinuousEffectIds": Array [],[22m
[32m-       "cardDefinitionId": "character-3725",[39m
[31m+       "cardDefinitionId": "character-3521",[39m
[2m        "controllerId": "p2",[22m
[2m        "currentZone": "deck",[22m
[2m        "donAttached": Array [],[22m
[2m        "faceState": "faceDown",[22m
[2m        "instanceId": "p2__deck__36",[22m
[2m        "oncePerTurnUsed": Array [],[22m
[2m        "orientation": null,[22m
[2m        "ownerId": "p2",[22m
[2m        "revealedTo": Array [],[22m
[2m        "summoningSick": false,[22m
[2m      },[22m
[2m      "p2__deck__37": Object {[22m
[2m        "appliedContinuousEffectIds": Array [],[22m
[32m-       "cardDefinitionId": "character-3727",[39m
[31m+       "cardDefinitionId": "character-3523",[39m
[2m        "controllerId": "p2",[22m
[2m        "currentZone": "deck",[22m
[2m        "donAttached": Array [],[22m
[2m        "faceState": "faceDown",[22m
[2m        "instanceId": "p2__deck__37",[22m
[2m        "oncePerTurnUsed": Array [],[22m
[2m        "orientation": null,[22m
[2m        "ownerId": "p2",[22m
[2m        "revealedTo": Array [],[22m
[2m        "summoningSick": false,[22m
[2m      },[22m
[2m      "p2__deck__38": Object {[22m
[2m        "appliedContinuousEffectIds": Array [],[22m
[32m-       "cardDefinitionId": "character-3729",[39m
[31m+       "cardDefinitionId": "character-3525",[39m
[2m        "controllerId": "p2",[22m
[2m        "currentZone": "deck",[22m
[2m        "donAttached": Array [],[22m
[2m        "faceState": "faceDown",[22m
[2m        "instanceId": "p2__deck__38",[22m
[2m        "oncePerTurnUsed": Array [],[22m
[2m        "orientation": null,[22m
[2m        "ownerId": "p2",[22m
[2m        "revealedTo": Array [],[22m
[2m        "summoningSick": false,[22m
[2m      },[22m
[2m      "p2__deck__39": Object {[22m
[2m        "appliedContinuousEffectIds": Array [],[22m
[32m-       "cardDefinitionId": "character-3731",[39m
[31m+       "cardDefinitionId": "character-3527",[39m
[2m        "controllerId": "p2",[22m
[2m        "currentZone": "deck",[22m
[2m        "donAttached": Array [],[22m
[2m        "faceState": "faceDown",[22m
[2m        "instanceId": "p2__deck__39",[22m
[2m        "oncePerTurnUsed": Array [],[22m
[2m        "orientation": null,[22m
[2m        "ownerId": "p2",[22m
[2m        "revealedTo": Array [],[22m
[2m        "summoningSick": false,[22m
[2m      },[22m
[2m      "p2__deck__4": Object {[22m
[2m        "appliedContinuousEffectIds": Array [],[22m
[32m-       "cardDefinitionId": "character-3661",[39m
[31m+       "cardDefinitionId": "character-3457",[39m
[2m        "controllerId": "p2",[22m
[2m        "currentZone": "deck",[22m
[2m        "donAttached": Array [],[22m
[2m        "faceState": "faceDown",[22m
[2m        "instanceId": "p2__deck__4",[22m
[2m        "oncePerTurnUsed": Array [],[22m
[2m        "orientation": null,[22m
[2m        "ownerId": "p2",[22m
[2m        "revealedTo": Array [],[22m
[2m        "summoningSick": false,[22m
[2m      },[22m
[2m      "p2__deck__40": Object {[22m
[2m        "appliedContinuousEffectIds": Array [],[22m
[32m-       "cardDefinitionId": "character-3733",[39m
[31m+       "cardDefinitionId": "character-3529",[39m
[2m        "controllerId": "p2",[22m
[2m        "currentZone": "deck",[22m
[2m        "donAttached": Array [],[22m
[2m        "faceState": "faceDown",[22m
[2m        "instanceId": "p2__deck__40",[22m
[2m        "oncePerTurnUsed": Array [],[22m
[2m        "orientation": null,[22m
[2m        "ownerId": "p2",[22m
[2m        "revealedTo": Array [],[22m
[2m        "summoningSick": false,[22m
[2m      },[22m
[2m      "p2__deck__41": Object {[22m
[2m        "appliedContinuousEffectIds": Array [],[22m
[32m-       "cardDefinitionId": "character-3735",[39m
[31m+       "cardDefinitionId": "character-3531",[39m
[2m        "controllerId": "p2",[22m
[2m        "currentZone": "lifeArea",[22m
[2m        "donAttached": Array [],[22m
[2m        "faceState": "faceDown",[22m
[2m        "instanceId": "p2__deck__41",[22m
[2m        "oncePerTurnUsed": Array [],[22m
[2m        "orientation": null,[22m
[2m        "ownerId": "p2",[22m
[2m        "revealedTo": Array [],[22m
[2m        "summoningSick": false,[22m
[2m      },[22m
[2m      "p2__deck__42": Object {[22m
[2m        "appliedContinuousEffectIds": Array [],[22m
[32m-       "cardDefinitionId": "character-3737",[39m
[31m+       "cardDefinitionId": "character-3533",[39m
[2m        "controllerId": "p2",[22m
[2m        "currentZone": "lifeArea",[22m
[2m        "donAttached": Array [],[22m
[2m        "faceState": "faceDown",[22m
[2m        "instanceId": "p2__deck__42",[22m
[2m        "oncePerTurnUsed": Array [],[22m
[2m        "orientation": null,[22m
[2m        "ownerId": "p2",[22m
[2m        "revealedTo": Array [],[22m
[2m        "summoningSick": false,[22m
[2m      },[22m
[2m      "p2__deck__43": Object {[22m
[2m        "appliedContinuousEffectIds": Array [],[22m
[32m-       "cardDefinitionId": "character-3739",[39m
[31m+       "cardDefinitionId": "character-3535",[39m
[2m        "controllerId": "p2",[22m
[2m        "currentZone": "deck",[22m
[2m        "donAttached": Array [],[22m
[2m        "faceState": "faceDown",[22m
[2m        "instanceId": "p2__deck__43",[22m
[2m        "oncePerTurnUsed": Array [],[22m
[2m        "orientation": null,[22m
[2m        "ownerId": "p2",[22m
[2m        "revealedTo": Array [],[22m
[2m        "summoningSick": false,[22m
[2m      },[22m
[2m      "p2__deck__44": Object {[22m
[2m        "appliedContinuousEffectIds": Array [],[22m
[32m-       "cardDefinitionId": "character-3741",[39m
[31m+       "cardDefinitionId": "character-3537",[39m
[2m        "controllerId": "p2",[22m
[2m        "currentZone": "deck",[22m
[2m        "donAttached": Array [],[22m
[2m        "faceState": "faceDown",[22m
[2m        "instanceId": "p2__deck__44",[22m
[2m        "oncePerTurnUsed": Array [],[22m
[2m        "orientation": null,[22m
[2m        "ownerId": "p2",[22m
[2m        "revealedTo": Array [],[22m
[2m        "summoningSick": false,[22m
[2m      },[22m
[2m      "p2__deck__45": Object {[22m
[2m        "appliedContinuousEffectIds": Array [],[22m
[32m-       "cardDefinitionId": "character-3743",[39m
[31m+       "cardDefinitionId": "character-3539",[39m
[2m        "controllerId": "p2",[22m
[2m        "currentZone": "deck",[22m
[2m        "donAttached": Array [],[22m
[2m        "faceState": "faceDown",[22m
[2m        "instanceId": "p2__deck__45",[22m
[2m        "oncePerTurnUsed": Array [],[22m
[2m        "orientation": null,[22m
[2m        "ownerId": "p2",[22m
[2m        "revealedTo": Array [],[22m
[2m        "summoningSick": false,[22m
[2m      },[22m
[2m      "p2__deck__46": Object {[22m
[2m        "appliedContinuousEffectIds": Array [],[22m
[32m-       "cardDefinitionId": "character-3745",[39m
[31m+       "cardDefinitionId": "character-3541",[39m
[2m        "controllerId": "p2",[22m
[2m        "currentZone": "lifeArea",[22m
[2m        "donAttached": Array [],[22m
[2m        "faceState": "faceDown",[22m
[2m        "instanceId": "p2__deck__46",[22m
[2m        "oncePerTurnUsed": Array [],[22m
[2m        "orientation": null,[22m
[2m        "ownerId": "p2",[22m
[2m        "revealedTo": Array [],[22m
[2m        "summoningSick": false,[22m
[2m      },[22m
[2m      "p2__deck__47": Object {[22m
[2m        "appliedContinuousEffectIds": Array [],[22m
[32m-       "cardDefinitionId": "character-3747",[39m
[31m+       "cardDefinitionId": "character-3543",[39m
[2m        "controllerId": "p2",[22m
[2m        "currentZone": "deck",[22m
[2m        "donAttached": Array [],[22m
[2m        "faceState": "faceDown",[22m
[2m        "instanceId": "p2__deck__47",[22m
[2m        "oncePerTurnUsed": Array [],[22m
[2m        "orientation": null,[22m
[2m        "ownerId": "p2",[22m
[2m        "revealedTo": Array [],[22m
[2m        "summoningSick": false,[22m
[2m      },[22m
[2m      "p2__deck__48": Object {[22m
[2m        "appliedContinuousEffectIds": Array [],[22m
[32m-       "cardDefinitionId": "character-3749",[39m
[31m+       "cardDefinitionId": "character-3545",[39m
[2m        "controllerId": "p2",[22m
[2m        "currentZone": "hand",[22m
[2m        "donAttached": Array [],[22m
[2m        "faceState": "faceDown",[22m
[2m        "instanceId": "p2__deck__48",[22m
[2m        "oncePerTurnUsed": Array [],[22m
[2m        "orientation": null,[22m
[2m        "ownerId": "p2",[22m
[2m        "revealedTo": Array [],[22m
[2m        "summoningSick": false,[22m
[2m      },[22m
[2m      "p2__deck__49": Object {[22m
[2m        "appliedContinuousEffectIds": Array [],[22m
[32m-       "cardDefinitionId": "character-3751",[39m
[31m+       "cardDefinitionId": "character-3547",[39m
[2m        "controllerId": "p2",[22m
[2m        "currentZone": "lifeArea",[22m
[2m        "donAttached": Array [],[22m
[2m        "faceState": "faceDown",[22m
[2m        "instanceId": "p2__deck__49",[22m
[2m        "oncePerTurnUsed": Array [],[22m
[2m        "orientation": null,[22m
[2m        "ownerId": "p2",[22m
[2m        "revealedTo": Array [],[22m
[2m        "summoningSick": false,[22m
[2m      },[22m
[2m      "p2__deck__5": Object {[22m
[2m        "appliedContinuousEffectIds": Array [],[22m
[32m-       "cardDefinitionId": "character-3663",[39m
[31m+       "cardDefinitionId": "character-3459",[39m
[2m        "controllerId": "p2",[22m
[2m        "currentZone": "deck",[22m
[2m        "donAttached": Array [],[22m
[2m        "faceState": "faceDown",[22m
[2m        "instanceId": "p2__deck__5",[22m
[2m        "oncePerTurnUsed": Array [],[22m
[2m        "orientation": null,[22m
[2m        "ownerId": "p2",[22m
[2m        "revealedTo": Array [],[22m
[2m        "summoningSick": false,[22m
[2m      },[22m
[2m      "p2__deck__6": Object {[22m
[2m        "appliedContinuousEffectIds": Array [],[22m
[32m-       "cardDefinitionId": "character-3665",[39m
[31m+       "cardDefinitionId": "character-3461",[39m
[2m        "controllerId": "p2",[22m
[2m        "currentZone": "deck",[22m
[2m        "donAttached": Array [],[22m
[2m        "faceState": "faceDown",[22m
[2m        "instanceId": "p2__deck__6",[22m
[2m        "oncePerTurnUsed": Array [],[22m
[2m        "orientation": null,[22m
[2m        "ownerId": "p2",[22m
[2m        "revealedTo": Array [],[22m
[2m        "summoningSick": false,[22m
[2m      },[22m
[2m      "p2__deck__7": Object {[22m
[2m        "appliedContinuousEffectIds": Array [],[22m
[32m-       "cardDefinitionId": "character-3667",[39m
[31m+       "cardDefinitionId": "character-3463",[39m
[2m        "controllerId": "p2",[22m
[2m        "currentZone": "deck",[22m
[2m        "donAttached": Array [],[22m
[2m        "faceState": "faceDown",[22m
[2m        "instanceId": "p2__deck__7",[22m
[2m        "oncePerTurnUsed": Array [],[22m
[2m        "orientation": null,[22m
[2m        "ownerId": "p2",[22m
[2m        "revealedTo": Array [],[22m
[2m        "summoningSick": false,[22m
[2m      },[22m
[2m      "p2__deck__8": Object {[22m
[2m        "appliedContinuousEffectIds": Array [],[22m
[32m-       "cardDefinitionId": "character-3669",[39m
[31m+       "cardDefinitionId": "character-3465",[39m
[2m        "controllerId": "p2",[22m
[2m        "currentZone": "deck",[22m
[2m        "donAttached": Array [],[22m
[2m        "faceState": "faceDown",[22m
[2m        "instanceId": "p2__deck__8",[22m
[2m        "oncePerTurnUsed": Array [],[22m
[2m        "orientation": null,[22m
[2m        "ownerId": "p2",[22m
[2m        "revealedTo": Array [],[22m
[2m        "summoningSick": false,[22m
[2m      },[22m
[2m      "p2__deck__9": Object {[22m
[2m        "appliedContinuousEffectIds": Array [],[22m
[32m-       "cardDefinitionId": "character-3671",[39m
[31m+       "cardDefinitionId": "character-3467",[39m
[2m        "controllerId": "p2",[22m
[2m        "currentZone": "deck",[22m
[2m        "donAttached": Array [],[22m
[2m        "faceState": "faceDown",[22m
[2m        "instanceId": "p2__deck__9",[22m
[2m        "oncePerTurnUsed": Array [],[22m
[2m        "orientation": null,[22m
[2m        "ownerId": "p2",[22m
[2m        "revealedTo": Array [],[22m
[2m        "summoningSick": false,[22m
[2m      },[22m
[2m      "p2__don__0": Object {[22m
[2m        "appliedContinuousEffectIds": Array [],[22m
[2m        "cardDefinitionId": "DON-CARD",[22m
[2m        "controllerId": "p2",[22m
[2m        "currentZone": "donDeck",[22m
[2m        "donAttached": Array [],[22m
[2m        "faceState": "faceDown",[22m
[2m        "instanceId": "p2__don__0",[22m
[2m        "oncePerTurnUsed": Array [],[22m
[2m        "orientation": null,[22m
[2m        "ownerId": "p2",[22m
[2m        "revealedTo": "all",[22m
[2m        "summoningSick": false,[22m
[2m      },[22m
[2m      "p2__don__1": Object {[22m
[2m        "appliedContinuousEffectIds": Array [],[22m
[2m        "cardDefinitionId": "DON-CARD",[22m
[2m        "controllerId": "p2",[22m
[2m        "currentZone": "donDeck",[22m
[2m        "donAttached": Array [],[22m
[2m        "faceState": "faceDown",[22m
[2m        "instanceId": "p2__don__1",[22m
[2m        "oncePerTurnUsed": Array [],[22m
[2m        "orientation": null,[22m
[2m        "ownerId": "p2",[22m
[2m        "revealedTo": "all",[22m
[2m        "summoningSick": false,[22m
[2m      },[22m
[2m      "p2__don__2": Object {[22m
[2m        "appliedContinuousEffectIds": Array [],[22m
[2m        "cardDefinitionId": "DON-CARD",[22m
[2m        "controllerId": "p2",[22m
[2m        "currentZone": "donDeck",[22m
[2m        "donAttached": Array [],[22m
[2m        "faceState": "faceDown",[22m
[2m        "instanceId": "p2__don__2",[22m
[2m        "oncePerTurnUsed": Array [],[22m
[2m        "orientation": null,[22m
[2m        "ownerId": "p2",[22m
[2m        "revealedTo": "all",[22m
[2m        "summoningSick": false,[22m
[2m      },[22m
[2m      "p2__don__3": Object {[22m
[2m        "appliedContinuousEffectIds": Array [],[22m
[2m        "cardDefinitionId": "DON-CARD",[22m
[2m        "controllerId": "p2",[22m
[2m        "currentZone": "donDeck",[22m
[2m        "donAttached": Array [],[22m
[2m        "faceState": "faceDown",[22m
[2m        "instanceId": "p2__don__3",[22m
[2m        "oncePerTurnUsed": Array [],[22m
[2m        "orientation": null,[22m
[2m        "ownerId": "p2",[22m
[2m        "revealedTo": "all",[22m
[2m        "summoningSick": false,[22m
[2m      },[22m
[2m      "p2__don__4": Object {[22m
[2m        "appliedContinuousEffectIds": Array [],[22m
[2m        "cardDefinitionId": "DON-CARD",[22m
[2m        "controllerId": "p2",[22m
[2m        "currentZone": "donDeck",[22m
[2m        "donAttached": Array [],[22m
[2m        "faceState": "faceDown",[22m
[2m        "instanceId": "p2__don__4",[22m
[2m        "oncePerTurnUsed": Array [],[22m
[2m        "orientation": null,[22m
[2m        "ownerId": "p2",[22m
[2m        "revealedTo": "all",[22m
[2m        "summoningSick": false,[22m
[2m      },[22m
[2m      "p2__don__5": Object {[22m
[2m        "appliedContinuousEffectIds": Array [],[22m
[2m        "cardDefinitionId": "DON-CARD",[22m
[2m        "controllerId": "p2",[22m
[2m        "currentZone": "donDeck",[22m
[2m        "donAttached": Array [],[22m
[2m        "faceState": "faceDown",[22m
[2m        "instanceId": "p2__don__5",[22m
[2m        "oncePerTurnUsed": Array [],[22m
[2m        "orientation": null,[22m
[2m        "ownerId": "p2",[22m
[2m        "revealedTo": "all",[22m
[2m        "summoningSick": false,[22m
[2m      },[22m
[2m      "p2__don__6": Object {[22m
[2m        "appliedContinuousEffectIds": Array [],[22m
[2m        "cardDefinitionId": "DON-CARD",[22m
[2m        "controllerId": "p2",[22m
[2m        "currentZone": "donDeck",[22m
[2m        "donAttached": Array [],[22m
[2m        "faceState": "faceDown",[22m
[2m        "instanceId": "p2__don__6",[22m
[2m        "oncePerTurnUsed": Array [],[22m
[2m        "orientation": null,[22m
[2m        "ownerId": "p2",[22m
[2m        "revealedTo": "all",[22m
[2m        "summoningSick": false,[22m
[2m      },[22m
[2m      "p2__don__7": Object {[22m
[2m        "appliedContinuousEffectIds": Array [],[22m
[2m        "cardDefinitionId": "DON-CARD",[22m
[2m        "controllerId": "p2",[22m
[2m        "currentZone": "donDeck",[22m
[2m        "donAttached": Array [],[22m
[2m        "faceState": "faceDown",[22m
[2m        "instanceId": "p2__don__7",[22m
[2m        "oncePerTurnUsed": Array [],[22m
[2m        "orientation": null,[22m
[2m        "ownerId": "p2",[22m
[2m        "revealedTo": "all",[22m
[2m        "summoningSick": false,[22m
[2m      },[22m
[2m      "p2__don__8": Object {[22m
[2m        "appliedContinuousEffectIds": Array [],[22m
[2m        "cardDefinitionId": "DON-CARD",[22m
[2m        "controllerId": "p2",[22m
[2m        "currentZone": "donDeck",[22m
[2m        "donAttached": Array [],[22m
[2m        "faceState": "faceDown",[22m
[2m        "instanceId": "p2__don__8",[22m
[2m        "oncePerTurnUsed": Array [],[22m
[2m        "orientation": null,[22m
[2m        "ownerId": "p2",[22m
[2m        "revealedTo": "all",[22m
[2m        "summoningSick": false,[22m
[2m      },[22m
[2m      "p2__don__9": Object {[22m
[2m        "appliedContinuousEffectIds": Array [],[22m
[2m        "cardDefinitionId": "DON-CARD",[22m
[2m        "controllerId": "p2",[22m
[2m        "currentZone": "donDeck",[22m
[2m        "donAttached": Array [],[22m
[2m        "faceState": "faceDown",[22m
[2m        "instanceId": "p2__don__9",[22m
[2m        "oncePerTurnUsed": Array [],[22m
[2m        "orientation": null,[22m
[2m        "ownerId": "p2",[22m
[2m        "revealedTo": "all",[22m
[2m        "summoningSick": false,[22m
[2m      },[22m
[2m      "p2__leader": Object {[22m
[2m        "appliedContinuousEffectIds": Array [],[22m
[32m-       "cardDefinitionId": "leader-3651",[39m
[31m+       "cardDefinitionId": "leader-3447",[39m
[2m        "controllerId": "p2",[22m
[2m        "currentPower": 5000,[22m
[2m        "currentZone": "leaderArea",[22m
[2m        "donAttached": Array [],[22m
[2m        "faceState": "faceUp",[22m
[2m        "instanceId": "p2__leader",[22m
[2m        "oncePerTurnUsed": Array [],[22m
[2m        "orientation": "active",[22m
[2m        "ownerId": "p2",[22m
[2m        "revealedTo": "all",[22m
[2m        "summoningSick": false,[22m
[2m      },[22m
[2m    },[22m
[2m    "continuousEffects": Array [],[22m
[2m    "currentBattle": null,[22m
[2m    "currentPhase": "refresh",[22m
[2m    "gameOver": null,[22m
[2m    "isFirstTurnOfGame": true,[22m
[2m    "log": Array [[22m
[2m      Object {[22m
[2m        "actorPlayerId": "p1",[22m
[2m        "causedByActionId": null,[22m
[2m        "data": Object {[22m
[2m          "zone": "leaderArea",[22m
[2m        },[22m
[2m        "id": "setup-log-1",[22m
[2m        "message": "p1 placed their Leader face-up in the Leader area (5-2-1-3).",[22m
[2m        "phase": "setup",[22m
[2m        "relatedCardInstanceIds": Array [[22m
[2m          "p1__leader",[22m
[2m        ],[22m
[2m        "sequence": 1,[22m
[2m        "turnNumber": 0,[22m
[2m        "type": "CARD_MOVED",[22m
[2m        "visibility": "public",[22m
[2m      },[22m
[2m      Object {[22m
[2m        "actorPlayerId": "p1",[22m
[2m        "causedByActionId": null,[22m
[2m        "data": Object {[22m
[2m          "count": 10,[22m
[2m          "zone": "donDeck",[22m
[2m        },[22m
[2m        "id": "setup-log-2",[22m
[2m        "message": "p1 placed their DON!! deck (10 cards).",[22m
[2m        "phase": "setup",[22m
[2m        "relatedCardInstanceIds": Array [[22m
[2m          "p1__don__0",[22m
[2m          "p1__don__1",[22m
[2m          "p1__don__2",[22m
[2m          "p1__don__3",[22m
[2m          "p1__don__4",[22m
[2m          "p1__don__5",[22m
[2m          "p1__don__6",[22m
[2m          "p1__don__7",[22m
[2m          "p1__don__8",[22m
[2m          "p1__don__9",[22m
[2m        ],[22m
[2m        "sequence": 2,[22m
[2m        "turnNumber": 0,[22m
[2m        "type": "CARD_MOVED",[22m
[2m        "visibility": "public",[22m
[2m      },[22m
[2m      Object {[22m
[2m        "actorPlayerId": "p2",[22m
[2m        "causedByActionId": null,[22m
[2m        "data": Object {[22m
[2m          "zone": "leaderArea",[22m
[2m        },[22m
[2m        "id": "setup-log-3",[22m
[2m        "message": "p2 placed their Leader face-up in the Leader area (5-2-1-3).",[22m
[2m        "phase": "setup",[22m
[2m        "relatedCardInstanceIds": Array [[22m
[2m          "p2__leader",[22m
[2m        ],[22m
[2m        "sequence": 3,[22m
[2m        "turnNumber": 0,[22m
[2m        "type": "CARD_MOVED",[22m
[2m        "visibility": "public",[22m
[2m      },[22m
[2m      Object {[22m
[2m        "actorPlayerId": "p2",[22m
[2m        "causedByActionId": null,[22m
[2m        "data": Object {[22m
[2m          "count": 10,[22m
[2m          "zone": "donDeck",[22m
[2m        },[22m
[2m        "id": "setup-log-4",[22m
[2m        "message": "p2 placed their DON!! deck (10 cards).",[22m
[2m        "phase": "setup",[22m
[2m        "relatedCardInstanceIds": Array [[22m
[2m          "p2__don__0",[22m
[2m          "p2__don__1",[22m
[2m          "p2__don__2",[22m
[2m          "p2__don__3",[22m
[2m          "p2__don__4",[22m
[2m          "p2__don__5",[22m
[2m          "p2__don__6",[22m
[2m          "p2__don__7",[22m
[2m          "p2__don__8",[22m
[2m          "p2__don__9",[22m
[2m        ],[22m
[2m        "sequence": 4,[22m
[2m        "turnNumber": 0,[22m
[2m        "type": "CARD_MOVED",[22m
[2m        "visibility": "public",[22m
[2m      },[22m
[2m      Object {[22m
[2m        "actorPlayerId": "p1",[22m
[2m        "causedByActionId": null,[22m
[2m        "data": Object {[22m
[2m          "count": 50,[22m
[2m          "zone": "deck",[22m
[2m        },[22m
[2m        "id": "setup-log-5",[22m
[2m        "message": "p1 shuffled their deck and placed it face-down (5-2-1-2).",[22m
[2m        "phase": "setup",[22m
[2m        "relatedCardInstanceIds": Array [[22m
[2m          "p1__deck__15",[22m
[2m          "p1__deck__34",[22m
[2m          "p1__deck__14",[22m
[2m          "p1__deck__41",[22m
[2m          "p1__deck__0",[22m
[2m          "p1__deck__1",[22m
[2m          "p1__deck__26",[22m
[2m          "p1__deck__42",[22m
[2m          "p1__deck__21",[22m
[2m          "p1__deck__22",[22m
[2m          "p1__deck__4",[22m
[2m          "p1__deck__48",[22m
[2m          "p1__deck__39",[22m
[2m          "p1__deck__49",[22m
[2m          "p1__deck__27",[22m
[2m          "p1__deck__47",[22m
[2m          "p1__deck__7",[22m
[2m          "p1__deck__6",[22m
[2m          "p1__deck__23",[22m
[2m          "p1__deck__5",[22m
[2m          "p1__deck__20",[22m
[2m          "p1__deck__46",[22m
[2m          "p1__deck__9",[22m
[2m          "p1__deck__8",[22m
[2m          "p1__deck__18",[22m
[2m          "p1__deck__2",[22m
[2m          "p1__deck__28",[22m
[2m          "p1__deck__11",[22m
[2m          "p1__deck__25",[22m
[2m          "p1__deck__19",[22m
[2m          "p1__deck__16",[22m
[2m          "p1__deck__24",[22m
[2m          "p1__deck__3",[22m
[2m          "p1__deck__17",[22m
[2m          "p1__deck__36",[22m
[2m          "p1__deck__32",[22m
[2m          "p1__deck__40",[22m
[2m          "p1__deck__29",[22m
[2m          "p1__deck__38",[22m
[2m          "p1__deck__45",[22m
[2m          "p1__deck__43",[22m
[2m          "p1__deck__12",[22m
[2m          "p1__deck__10",[22m
[2m          "p1__deck__31",[22m
[2m          "p1__deck__13",[22m
[2m          "p1__deck__30",[22m
[2m          "p1__deck__35",[22m
[2m          "p1__deck__33",[22m
[2m          "p1__deck__44",[22m
[2m          "p1__deck__37",[22m
[2m        ],[22m
[2m        "sequence": 5,[22m
[2m        "turnNumber": 0,[22m
[2m        "type": "CARD_MOVED",[22m
[2m        "visibility": "public",[22m
[2m      },[22m
[2m      Object {[22m
[2m        "actorPlayerId": "p2",[22m
[2m        "causedByActionId": null,[22m
[2m        "data": Object {[22m
[2m          "count": 50,[22m
[2m          "zone": "deck",[22m
[2m        },[22m
[2m        "id": "setup-log-6",[22m
[2m        "message": "p2 shuffled their deck and placed it face-down (5-2-1-2).",[22m
[2m        "phase": "setup",[22m
[2m        "relatedCardInstanceIds": Array [[22m
[2m          "p2__deck__18",[22m
[2m          "p2__deck__21",[22m
[2m          "p2__deck__48",[22m
[2m          "p2__deck__30",[22m
[2m          "p2__deck__33",[22m
[2m          "p2__deck__41",[22m
[2m          "p2__deck__42",[22m
[2m          "p2__deck__46",[22m
[2m          "p2__deck__23",[22m
[2m          "p2__deck__49",[22m
[2m          "p2__deck__2",[22m
[2m          "p2__deck__12",[22m
[2m          "p2__deck__11",[22m
[2m          "p2__deck__14",[22m
[2m          "p2__deck__37",[22m
[2m          "p2__deck__16",[22m
[2m          "p2__deck__40",[22m
[2m          "p2__deck__45",[22m
[2m          "p2__deck__7",[22m
[2m          "p2__deck__19",[22m
[2m          "p2__deck__28",[22m
[2m          "p2__deck__39",[22m
[2m          "p2__deck__36",[22m
[2m          "p2__deck__24",[22m
[2m          "p2__deck__3",[22m
[2m          "p2__deck__10",[22m
[2m          "p2__deck__32",[22m
[2m          "p2__deck__0",[22m
[2m          "p2__deck__35",[22m
[2m          "p2__deck__26",[22m
[2m          "p2__deck__20",[22m
[2m          "p2__deck__27",[22m
[2m          "p2__deck__8",[22m
[2m          "p2__deck__25",[22m
[2m          "p2__deck__22",[22m
[2m          "p2__deck__44",[22m
[2m          "p2__deck__17",[22m
[2m          "p2__deck__47",[22m
[2m          "p2__deck__34",[22m
[2m          "p2__deck__43",[22m
[2m          "p2__deck__5",[22m
[2m          "p2__deck__13",[22m
[2m          "p2__deck__1",[22m
[2m          "p2__deck__6",[22m
[2m          "p2__deck__38",[22m
[2m          "p2__deck__29",[22m
[2m          "p2__deck__9",[22m
[2m          "p2__deck__15",[22m
[2m          "p2__deck__31",[22m
[2m          "p2__deck__4",[22m
[2m        ],[22m
[2m        "sequence": 6,[22m
[2m        "turnNumber": 0,[22m
[2m        "type": "CARD_MOVED",[22m
[2m        "visibility": "public",[22m
[2m      },[22m
[2m      Object {[22m
[2m        "actorPlayerId": "p1",[22m
[2m        "causedByActionId": "action-p1-choose",[22m
[2m        "data": Object {[22m
[2m          "goingFirstPlayerId": "p1",[22m
[2m          "goingSecondPlayerId": "p2",[22m
[2m        },[22m
[2m        "id": "setup-log-7",[22m
[2m        "message": "p1 chose to go first (5-2-1-5). p1 goes first.",[22m
[2m        "phase": "setup",[22m
[2m        "relatedCardInstanceIds": Array [],[22m
[2m        "sequence": 7,[22m
[2m        "turnNumber": 0,[22m
[2m        "type": "CHOICE_RESOLVED",[22m
[2m        "visibility": "public",[22m
[2m      },[22m
[2m      Object {[22m
[2m        "actorPlayerId": "p1",[22m
[2m        "causedByActionId": "action-p1-choose",[22m
[2m        "data": Object {[22m
[2m          "count": 5,[22m
[2m        },[22m
[2m        "id": "setup-log-8",[22m
[2m        "message": "p1 drew their opening hand of 5 (5-2-1-6).",[22m
[2m        "phase": "setup",[22m
[2m        "relatedCardInstanceIds": Array [[22m
[2m          "p1__deck__15",[22m
[2m          "p1__deck__34",[22m
[2m          "p1__deck__14",[22m
[2m          "p1__deck__41",[22m
[2m          "p1__deck__0",[22m
[2m        ],[22m
[2m        "sequence": 8,[22m
[2m        "turnNumber": 0,[22m
[2m        "type": "CARD_DRAWN",[22m
[2m        "visibility": Object {[22m
[2m          "visibleTo": Array [[22m
[2m            "p1",[22m
[2m          ],[22m
[2m        },[22m
[2m      },[22m
[2m      Object {[22m
[2m        "actorPlayerId": "p2",[22m
[2m        "causedByActionId": "action-p1-choose",[22m
[2m        "data": Object {[22m
[2m          "count": 5,[22m
[2m        },[22m
[2m        "id": "setup-log-9",[22m
[2m        "message": "p2 drew their opening hand of 5 (5-2-1-6).",[22m
[2m        "phase": "setup",[22m
[2m        "relatedCardInstanceIds": Array [[22m
[2m          "p2__deck__18",[22m
[2m          "p2__deck__21",[22m
[2m          "p2__deck__48",[22m
[2m          "p2__deck__30",[22m
[2m          "p2__deck__33",[22m
[2m        ],[22m
[2m        "sequence": 9,[22m
[2m        "turnNumber": 0,[22m
[2m        "type": "CARD_DRAWN",[22m
[2m        "visibility": Object {[22m
[2m          "visibleTo": Array [[22m
[2m            "p2",[22m
[2m          ],[22m
[2m        },[22m
[2m      },[22m
[2m      Object {[22m
[2m        "actorPlayerId": "p1",[22m
[2m        "causedByActionId": "action-p1-mulligan-true",[22m
[2m        "data": Object {},[22m
[2m        "id": "setup-log-10",[22m
[2m        "message": "p1 returned their hand to the deck and reshuffled (5-2-1-6-1).",[22m
[2m        "phase": "setup",[22m
[2m        "relatedCardInstanceIds": Array [],[22m
[2m        "sequence": 10,[22m
[2m        "turnNumber": 0,[22m
[2m        "type": "CARD_MOVED",[22m
[2m        "visibility": "public",[22m
[2m      },[22m
[2m      Object {[22m
[2m        "actorPlayerId": "p1",[22m
[2m        "causedByActionId": "action-p1-mulligan-true",[22m
[2m        "data": Object {[22m
[2m          "count": 5,[22m
[2m        },[22m
[2m        "id": "setup-log-11",[22m
[2m        "message": "p1 redrew a new opening hand of 5 (5-2-1-6-1).",[22m
[2m        "phase": "setup",[22m
[2m        "relatedCardInstanceIds": Array [[22m
[2m          "p1__deck__17",[22m
[2m          "p1__deck__39",[22m
[2m          "p1__deck__21",[22m
[2m          "p1__deck__6",[22m
[2m          "p1__deck__29",[22m
[2m        ],[22m
[2m        "sequence": 11,[22m
[2m        "turnNumber": 0,[22m
[2m        "type": "CARD_DRAWN",[22m
[2m        "visibility": Object {[22m
[2m          "visibleTo": Array [[22m
[2m            "p1",[22m
[2m          ],[22m
[2m        },[22m
[2m      },[22m
[2m      Object {[22m
[2m        "actorPlayerId": "p2",[22m
[2m        "causedByActionId": "action-p2-mulligan-false",[22m
[2m        "data": Object {},[22m
[2m        "id": "setup-log-12",[22m
[2m        "message": "p2 kept their opening hand (5-2-1-6).",[22m
[2m        "phase": "setup",[22m
[2m        "relatedCardInstanceIds": Array [],[22m
[2m        "sequence": 12,[22m
[2m        "turnNumber": 0,[22m
[2m        "type": "CHOICE_RESOLVED",[22m
[2m        "visibility": "public",[22m
[2m      },[22m
[2m      Object {[22m
[2m        "actorPlayerId": "p1",[22m
[2m        "causedByActionId": "action-p2-mulligan-false",[22m
[2m        "data": Object {[22m
[2m          "count": 5,[22m
[2m          "zone": "lifeArea",[22m
[2m        },[22m
[2m        "id": "setup-log-13",[22m
[2m        "message": "p1 placed 5 cards face-down in their Life area (5-2-1-7).",[22m
[2m        "phase": "setup",[22m
[2m        "relatedCardInstanceIds": Array [[22m
[2m          "p1__deck__43",[22m
[2m          "p1__deck__46",[22m
[2m          "p1__deck__32",[22m
[2m          "p1__deck__14",[22m
[2m          "p1__deck__10",[22m
[2m        ],[22m
[2m        "sequence": 13,[22m
[2m        "turnNumber": 0,[22m
[2m        "type": "CARD_MOVED",[22m
[2m        "visibility": "public",[22m
[2m      },[22m
[2m      Object {[22m
[2m        "actorPlayerId": "p2",[22m
[2m        "causedByActionId": "action-p2-mulligan-false",[22m
[2m        "data": Object {[22m
[2m          "count": 5,[22m
[2m          "zone": "lifeArea",[22m
[2m        },[22m
[2m        "id": "setup-log-14",[22m
[2m        "message": "p2 placed 5 cards face-down in their Life area (5-2-1-7).",[22m
[2m        "phase": "setup",[22m
[2m        "relatedCardInstanceIds": Array [[22m
[2m          "p2__deck__41",[22m
[2m          "p2__deck__42",[22m
[2m          "p2__deck__46",[22m
[2m          "p2__deck__23",[22m
[2m          "p2__deck__49",[22m
[2m        ],[22m
[2m        "sequence": 14,[22m
[2m        "turnNumber": 0,[22m
[2m        "type": "CARD_MOVED",[22m
[2m        "visibility": "public",[22m
[2m      },[22m
[2m      Object {[22m
[2m        "actorPlayerId": "p1",[22m
[2m        "causedByActionId": "action-p2-mulligan-false",[22m
[2m        "data": Object {[22m
[2m          "turnNumber": 1,[22m
[2m        },[22m
[2m        "id": "setup-log-15",[22m
[2m        "message": "p1 begins the game — turn 1 starts (5-2-1-8).",[22m
[2m        "phase": "setup",[22m
[2m        "relatedCardInstanceIds": Array [],[22m
[2m        "sequence": 15,[22m
[2m        "turnNumber": 0,[22m
[2m        "type": "TURN_PASSED",[22m
[2m        "visibility": "public",[22m
[2m      },[22m
[2m    ],[22m
[2m    "nextInstanceSeq": 0,[22m
[2m    "oncePerTurnUsage": Object {},[22m
[2m    "pendingChoices": Array [],[22m
[2m    "players": Object {[22m
[2m      "p1": Object {[22m
[2m        "characterArea": Object {[22m
[2m          "cardIds": Array [],[22m
[2m          "id": "characterArea",[22m
[2m          "maxSize": 5,[22m
[2m          "visibility": "open",[22m
[2m        },[22m
[2m        "costArea": Object {[22m
[2m          "cardIds": Array [],[22m
[2m          "id": "costArea",[22m
[2m          "visibility": "open",[22m
[2m        },[22m
[2m        "deck": Object {[22m
[2m          "cardIds": Array [[22m
[2m            "p1__deck__7",[22m
[2m            "p1__deck__12",[22m
[2m            "p1__deck__3",[22m
[2m            "p1__deck__34",[22m
[2m            "p1__deck__44",[22m
[2m            "p1__deck__30",[22m
[2m            "p1__deck__47",[22m
[2m            "p1__deck__5",[22m
[2m            "p1__deck__36",[22m
[2m            "p1__deck__41",[22m
[2m            "p1__deck__28",[22m
[2m            "p1__deck__1",[22m
[2m            "p1__deck__25",[22m
[2m            "p1__deck__9",[22m
[2m            "p1__deck__15",[22m
[2m            "p1__deck__11",[22m
[2m            "p1__deck__33",[22m
[2m            "p1__deck__48",[22m
[2m            "p1__deck__37",[22m
[2m            "p1__deck__31",[22m
[2m            "p1__deck__13",[22m
[2m            "p1__deck__49",[22m
[2m            "p1__deck__0",[22m
[2m            "p1__deck__42",[22m
[2m            "p1__deck__27",[22m
[2m            "p1__deck__2",[22m
[2m            "p1__deck__4",[22m
[2m            "p1__deck__35",[22m
[2m            "p1__deck__18",[22m
[2m            "p1__deck__19",[22m
[2m            "p1__deck__20",[22m
[2m            "p1__deck__45",[22m
[2m            "p1__deck__40",[22m
[2m            "p1__deck__22",[22m
[2m            "p1__deck__8",[22m
[2m            "p1__deck__26",[22m
[2m            "p1__deck__24",[22m
[2m            "p1__deck__23",[22m
[2m            "p1__deck__38",[22m
[2m            "p1__deck__16",[22m
[2m          ],[22m
[2m          "id": "deck",[22m
[2m          "visibility": "secret",[22m
[2m        },[22m
[2m        "donDeck": Object {[22m
[2m          "cardIds": Array [[22m
[2m            "p1__don__0",[22m
[2m            "p1__don__1",[22m
[2m            "p1__don__2",[22m
[2m            "p1__don__3",[22m
[2m            "p1__don__4",[22m
[2m            "p1__don__5",[22m
[2m            "p1__don__6",[22m
[2m            "p1__don__7",[22m
[2m            "p1__don__8",[22m
[2m            "p1__don__9",[22m
[2m          ],[22m
[2m          "id": "donDeck",[22m
[2m          "visibility": "open",[22m
[2m        },[22m
[2m        "hand": Object {[22m
[2m          "cardIds": Array [[22m
[2m            "p1__deck__17",[22m
[2m            "p1__deck__39",[22m
[2m            "p1__deck__21",[22m
[2m            "p1__deck__6",[22m
[2m            "p1__deck__29",[22m
[2m          ],[22m
[2m          "id": "hand",[22m
[2m          "visibility": "secret",[22m
[2m        },[22m
[2m        "hasGoneFirst": true,[22m
[2m        "hasMulliganed": true,[22m
[2m        "leaderInstanceId": "p1__leader",[22m
[2m        "leaderLifeValue": 5,[22m
[2m        "lifeArea": Object {[22m
[2m          "cardIds": Array [[22m
[2m            "p1__deck__10",[22m
[2m            "p1__deck__14",[22m
[2m            "p1__deck__32",[22m
[2m            "p1__deck__46",[22m
[2m            "p1__deck__43",[22m
[2m          ],[22m
[2m          "id": "lifeArea",[22m
[2m          "visibility": "secret",[22m
[2m        },[22m
[2m        "playerId": "p1",[22m
[2m        "stageArea": Object {[22m
[2m          "cardIds": Array [],[22m
[2m          "id": "stageArea",[22m
[2m          "maxSize": 1,[22m
[2m          "visibility": "open",[22m
[2m        },[22m
[2m        "trash": Object {[22m
[2m          "cardIds": Array [],[22m
[2m          "id": "trash",[22m
[2m          "visibility": "open",[22m
[2m        },[22m
[2m      },[22m
[2m      "p2": Object {[22m
[2m        "characterArea": Object {[22m
[2m          "cardIds": Array [],[22m
[2m          "id": "characterArea",[22m
[2m          "maxSize": 5,[22m
[2m          "visibility": "open",[22m
[2m        },[22m
[2m        "costArea": Object {[22m
[2m          "cardIds": Array [],[22m
[2m          "id": "costArea",[22m
[2m          "visibility": "open",[22m
[2m        },[22m
[2m        "deck": Object {[22m
[2m          "cardIds": Array [[22m
[2m            "p2__deck__2",[22m
[2m            "p2__deck__12",[22m
[2m            "p2__deck__11",[22m
[2m            "p2__deck__14",[22m
[2m            "p2__deck__37",[22m
[2m            "p2__deck__16",[22m
[2m            "p2__deck__40",[22m
[2m            "p2__deck__45",[22m
[2m            "p2__deck__7",[22m
[2m            "p2__deck__19",[22m
[2m            "p2__deck__28",[22m
[2m            "p2__deck__39",[22m
[2m            "p2__deck__36",[22m
[2m            "p2__deck__24",[22m
[2m            "p2__deck__3",[22m
[2m            "p2__deck__10",[22m
[2m            "p2__deck__32",[22m
[2m            "p2__deck__0",[22m
[2m            "p2__deck__35",[22m
[2m            "p2__deck__26",[22m
[2m            "p2__deck__20",[22m
[2m            "p2__deck__27",[22m
[2m            "p2__deck__8",[22m
[2m            "p2__deck__25",[22m
[2m            "p2__deck__22",[22m
[2m            "p2__deck__44",[22m
[2m            "p2__deck__17",[22m
[2m            "p2__deck__47",[22m
[2m            "p2__deck__34",[22m
[2m            "p2__deck__43",[22m
[2m            "p2__deck__5",[22m
[2m            "p2__deck__13",[22m
[2m            "p2__deck__1",[22m
[2m            "p2__deck__6",[22m
[2m            "p2__deck__38",[22m
[2m            "p2__deck__29",[22m
[2m            "p2__deck__9",[22m
[2m            "p2__deck__15",[22m
[2m            "p2__deck__31",[22m
[2m            "p2__deck__4",[22m
[2m          ],[22m
[2m          "id": "deck",[22m
[2m          "visibility": "secret",[22m
[2m        },[22m
[2m        "donDeck": Object {[22m
[2m          "cardIds": Array [[22m
[2m            "p2__don__0",[22m
[2m            "p2__don__1",[22m
[2m            "p2__don__2",[22m
[2m            "p2__don__3",[22m
[2m            "p2__don__4",[22m
[2m            "p2__don__5",[22m
[2m            "p2__don__6",[22m
[2m            "p2__don__7",[22m
[2m            "p2__don__8",[22m
[2m            "p2__don__9",[22m
[2m          ],[22m
[2m          "id": "donDeck",[22m
[2m          "visibility": "open",[22m
[2m        },[22m
[2m        "hand": Object {[22m
[2m          "cardIds": Array [[22m
[2m            "p2__deck__18",[22m
[2m            "p2__deck__21",[22m
[2m            "p2__deck__48",[22m
[2m            "p2__deck__30",[22m
[2m            "p2__deck__33",[22m
[2m          ],[22m
[2m          "id": "hand",[22m
[2m          "visibility": "secret",[22m
[2m        },[22m
[2m        "hasGoneFirst": false,[22m
[2m        "hasMulliganed": true,[22m
[2m        "leaderInstanceId": "p2__leader",[22m
[2m        "leaderLifeValue": 5,[22m
[2m        "lifeArea": Object {[22m
[2m          "cardIds": Array [[22m
[2m            "p2__deck__49",[22m
[2m            "p2__deck__23",[22m
[2m            "p2__deck__46",[22m
[2m            "p2__deck__42",[22m
[2m            "p2__deck__41",[22m
[2m          ],[22m
[2m          "id": "lifeArea",[22m
[2m          "visibility": "secret",[22m
[2m        },[22m
[2m        "playerId": "p2",[22m
[2m        "stageArea": Object {[22m
[2m          "cardIds": Array [],[22m
[2m          "id": "stageArea",[22m
[2m          "maxSize": 1,[22m
[2m          "visibility": "open",[22m
[2m        },[22m
[2m        "trash": Object {[22m
[2m          "cardIds": Array [],[22m
[2m          "id": "trash",[22m
[2m          "visibility": "open",[22m
[2m        },[22m
[2m      },[22m
[2m    },[22m
[2m    "rng": Object {[22m
[2m      "cursor": 147,[22m
[2m      "seed": "replay-seed",[22m
[2m    },[22m
[2m    "setupState": null,[22m
[2m    "turnNumber": 1,[22m
[2m  }[22m

[36m [2m❯[22m src/engine/setup/__tests__/setupFlow.test.ts:[2m241:20[22m[39m
    [90m239| [39m    [35mconst[39m finalA [33m=[39m [34mrunFullFlow[39m([32m'replay-seed'[39m)[33m;[39m
    [90m240| [39m    [35mconst[39m finalB [33m=[39m [34mrunFullFlow[39m([32m'replay-seed'[39m)[33m;[39m
    [90m241| [39m    [34mexpect[39m(finalA)[33m.[39m[34mtoEqual[39m(finalB)[33m;[39m
    [90m   | [39m                   [31m^[39m
    [90m242| [39m  })[33m;[39m
    [90m243| [39m

[31m[2m⎯⎯⎯⎯⎯⎯⎯⎯⎯⎯⎯⎯⎯⎯⎯⎯⎯⎯⎯⎯⎯⎯⎯⎯[9/9]⎯[22m[39m

[2m Test Files [22m [1m[31m5 failed[39m[22m[2m | [22m[1m[32m32 passed[39m[22m[90m (37)[39m
[2m      Tests [22m [1m[31m9 failed[39m[22m[2m | [22m[1m[32m272 passed[39m[22m[90m (281)[39m
[2m   Start at [22m 20:15:37
[2m   Duration [22m 3.02s[2m (transform 2.45s, setup 0ms, collect 5.91s, tests 498ms, environment 9ms, prepare 7.06s)[22m

